Component: ARM Compiler 5.06 update 6 (build 750) Tool: armlink [4d35ed]

==============================================================================

Section Cross References

    startup_stm32f10x_cl.o(RESET) refers to startup_stm32f10x_cl.o(STACK) for __initial_sp
    startup_stm32f10x_cl.o(RESET) refers to startup_stm32f10x_cl.o(.text) for Reset_Handler
    startup_stm32f10x_cl.o(RESET) refers to stm32f10x_it.o(i.NMI_Handler) for NMI_Handler
    startup_stm32f10x_cl.o(RESET) refers to stm32f10x_it.o(i.HardFault_Handler) for HardFault_Handler
    startup_stm32f10x_cl.o(RESET) refers to stm32f10x_it.o(i.MemManage_Handler) for MemManage_Handler
    startup_stm32f10x_cl.o(RESET) refers to stm32f10x_it.o(i.BusFault_Handler) for BusFault_Handler
    startup_stm32f10x_cl.o(RESET) refers to stm32f10x_it.o(i.UsageFault_Handler) for UsageFault_Handler
    startup_stm32f10x_cl.o(RESET) refers to stm32f10x_it.o(i.SVC_Handler) for SVC_Handler
    startup_stm32f10x_cl.o(RESET) refers to stm32f10x_it.o(i.DebugMon_Handler) for DebugMon_Handler
    startup_stm32f10x_cl.o(RESET) refers to stm32f10x_it.o(i.PendSV_Handler) for PendSV_Handler
    startup_stm32f10x_cl.o(RESET) refers to main.o(i.SysTick_Handler) for SysTick_Handler
    startup_stm32f10x_cl.o(RESET) refers to stm32f10x_it.o(i.CAN1_RX0_IRQHandler) for CAN1_RX0_IRQHandler
    startup_stm32f10x_cl.o(RESET) refers to stm32f10x_it.o(i.USART1_IRQHandler) for USART1_IRQHandler
    startup_stm32f10x_cl.o(RESET) refers to stm32f10x_it.o(i.USART2_IRQHandler) for USART2_IRQHandler
    startup_stm32f10x_cl.o(RESET) refers to stm32f10x_it.o(i.USART3_IRQHandler) for USART3_IRQHandler
    startup_stm32f10x_cl.o(RESET) refers to stm32f10x_it.o(i.UART4_IRQHandler) for UART4_IRQHandler
    startup_stm32f10x_cl.o(RESET) refers to stm32f10x_it.o(i.UART5_IRQHandler) for UART5_IRQHandler
    startup_stm32f10x_cl.o(RESET) refers to stm32f10x_it.o(i.DMA2_Channel2_IRQHandler) for DMA2_Channel2_IRQHandler
    startup_stm32f10x_cl.o(RESET) refers to stm32f10x_it.o(i.CAN2_RX0_IRQHandler) for CAN2_RX0_IRQHandler
    startup_stm32f10x_cl.o(RESET) refers to stm32f10x_it.o(i.CAN2_RX1_IRQHandler) for CAN2_RX1_IRQHandler
    startup_stm32f10x_cl.o(.text) refers to system_stm32f10x.o(i.SystemInit) for SystemInit
    startup_stm32f10x_cl.o(.text) refers to entry.o(.ARM.Collect$$$$00000000) for __main
    main.o(i.SysTick_Handler) refers to modules.o(i.modules_task) for modules_task
    main.o(i.droneConfig) refers to stm32f10x_rcc.o(i.RCC_GetClocksFreq) for RCC_GetClocksFreq
    main.o(i.droneConfig) refers to system_stm32f10x.o(i.SystemInit) for SystemInit
    main.o(i.droneConfig) refers to drv_can.o(i.CAN_Config) for CAN_Config
    main.o(i.droneConfig) refers to drv_tim.o(i.TIM_Config) for TIM_Config
    main.o(i.droneConfig) refers to drv_usart.o(i.USART_Config) for USART_Config
    main.o(i.droneConfig) refers to main.o(.bss) for rcc
    main.o(i.droneInit) refers to modules.o(i.modules_init) for modules_init
    main.o(i.main) refers to main.o(i.droneConfig) for droneConfig
    main.o(i.main) refers to main.o(i.droneInit) for droneInit
    stm32f10x_it.o(i.CAN1_RX0_IRQHandler) refers to stm32f10x_can.o(i.CAN_Receive) for CAN_Receive
    stm32f10x_it.o(i.CAN1_RX0_IRQHandler) refers to drv_can.o(i.Can1Receive_Hook) for Can1Receive_Hook
    stm32f10x_it.o(i.CAN1_RX0_IRQHandler) refers to stm32f10x_can.o(i.CAN_ClearITPendingBit) for CAN_ClearITPendingBit
    stm32f10x_it.o(i.CAN2_RX0_IRQHandler) refers to stm32f10x_can.o(i.CAN_GetITStatus) for CAN_GetITStatus
    stm32f10x_it.o(i.CAN2_RX0_IRQHandler) refers to stm32f10x_can.o(i.CAN_Receive) for CAN_Receive
    stm32f10x_it.o(i.CAN2_RX0_IRQHandler) refers to stm32f10x_can.o(i.CAN_ClearITPendingBit) for CAN_ClearITPendingBit
    stm32f10x_it.o(i.CAN2_RX1_IRQHandler) refers to stm32f10x_can.o(i.CAN_Receive) for CAN_Receive
    stm32f10x_it.o(i.CAN2_RX1_IRQHandler) refers to drv_can.o(i.Can2Receive_Hook) for Can2Receive_Hook
    stm32f10x_it.o(i.DMA2_Channel2_IRQHandler) refers to stm32f10x_dma.o(i.DMA_GetFlagStatus) for DMA_GetFlagStatus
    stm32f10x_it.o(i.DMA2_Channel2_IRQHandler) refers to stm32f10x_dma.o(i.DMA_ClearITPendingBit) for DMA_ClearITPendingBit
    stm32f10x_it.o(i.UART4_IRQHandler) refers to stm32f10x_usart.o(i.USART_GetITStatus) for USART_GetITStatus
    stm32f10x_it.o(i.UART4_IRQHandler) refers to stm32f10x_usart.o(i.USART_ClearITPendingBit) for USART_ClearITPendingBit
    stm32f10x_it.o(i.UART5_IRQHandler) refers to stm32f10x_usart.o(i.USART_GetITStatus) for USART_GetITStatus
    stm32f10x_it.o(i.UART5_IRQHandler) refers to stm32f10x_usart.o(i.USART_ClearITPendingBit) for USART_ClearITPendingBit
    stm32f10x_it.o(i.USART1_IRQHandler) refers to stm32f10x_usart.o(i.USART_GetITStatus) for USART_GetITStatus
    stm32f10x_it.o(i.USART1_IRQHandler) refers to stm32f10x_usart.o(i.USART_ClearITPendingBit) for USART_ClearITPendingBit
[...]
    system_stm32f10x.o(i.SystemInit) refers to system_stm32f10x.o(i.SetSysClock) for SetSysClock
    dshot.o(i.setDshotValue) refers to dshot.o(.bss) for BIT
    datascope_dp.o(i.DataScope_Data_Generate) refers to datascope_dp.o(.bss) for dataScope
    datascope_dp.o(i.DataScope_Get_Channel_Data) refers to datascope_dp.o(i.Float2Byte) for Float2Byte
    datascope_dp.o(i.DataScope_Get_Channel_Data) refers to datascope_dp.o(.bss) for dataScope
    datascope_dp.o(i.dataScope_sendChannalData) refers to datascope_dp.o(i.DataScope_Get_Channel_Data) for DataScope_Get_Channel_Data
    datascope_dp.o(i.dataScope_sendChannalData) refers to datascope_dp.o(i.DataScope_Data_Generate) for DataScope_Data_Generate
    datascope_dp.o(i.dataScope_sendChannalData) refers to datascope_dp.o(.bss) for dataScope
    dbus.o(i.RemoteReceive) refers to drv_usart.o(.bss) for uart3_RxBuffer
    dbus.o(i.RemoteReceive) refers to dbus.o(.bss) for RC_Ctl
    dbus.o(i.getRCData) refers to memcpya.o(.text) for __aeabi_memcpy4
    dbus.o(i.getRCData) refers to dbus.o(.bss) for RC_Ctl
    dbus.o(i.reset_remote_control_msg) refers to dbus.o(.bss) for RC_Ctl
    motor.o(i.M2006_control) refers to ffltui.o(.text) for __aeabi_ui2f
    motor.o(i.M2006_control) refers to zerocheck.o(i.Get_ZeroCheck_Value_Interface) for Get_ZeroCheck_Value_Interface
    motor.o(i.M2006_control) refers to fflti.o(.text) for __aeabi_i2f
    motor.o(i.M2006_control) refers to motor.o(i.motor_PID_cal) for motor_PID_cal
    motor.o(i.RM6623_control) refers to drv_can.o(i.getCan1Msg) for getCan1Msg
    motor.o(i.RM6623_control) refers to ffltui.o(.text) for __aeabi_ui2f
    motor.o(i.RM6623_control) refers to zerocheck.o(i.Get_ZeroCheck_Value_Interface) for Get_ZeroCheck_Value_Interface
    motor.o(i.RM6623_control) refers to fflti.o(.text) for __aeabi_i2f
    motor.o(i.RM6623_control) refers to motor.o(i.motor_PID_cal) for motor_PID_cal
    motor.o(i.RM6623_control) refers to ffixi.o(.text) for __aeabi_f2iz
    motor.o(i.motor_PID_cal) refers to pid.o(i.pid_calc) for pid_calc
    imu.o(i.getPitchAngle) refers to imu.o(.bss) for imu
    imu.o(i.getPitchSpeed) refers to imu.o(.bss) for imu
    imu.o(i.getYawAngle) refers to imu.o(.bss) for imu
    imu.o(i.getYawSpeed) refers to imu.o(.bss) for imu
    imu.o(i.imuDiscode) refers to drv_can.o(i.getCan1Msg) for getCan1Msg
    imu.o(i.imuDiscode) refers to imu.o(.bss) for imu
    algorithmofcrc.o(i.Append_CRC16_Check_Sum) refers to algorithmofcrc.o(i.Get_CRC16_Check_Sum) for Get_CRC16_Check_Sum
    algorithmofcrc.o(i.Append_CRC16_Check_Sum) refers to algorithmofcrc.o(.data) for CRC_INIT
    algorithmofcrc.o(i.Append_CRC8_Check_Sum) refers to algorithmofcrc.o(i.Get_CRC8_Check_Sum) for Get_CRC8_Check_Sum
    algorithmofcrc.o(i.Get_CRC16_Check_Sum) refers to algorithmofcrc.o(.constdata) for wCRC_Table
    algorithmofcrc.o(i.Get_CRC8_Check_Sum) refers to algorithmofcrc.o(.constdata) for CRC8_TAB
    algorithmofcrc.o(i.Verify_CRC16_Check_Sum) refers to algorithmofcrc.o(i.Get_CRC16_Check_Sum) for Get_CRC16_Check_Sum
    algorithmofcrc.o(i.Verify_CRC16_Check_Sum) refers to algorithmofcrc.o(.data) for CRC_INIT
    algorithmofcrc.o(i.Verify_CRC8_Check_Sum) refers to algorithmofcrc.o(i.Get_CRC8_Check_Sum) for Get_CRC8_Check_Sum
    algorithmofcrc.o(i.Verify_CRC8_Check_Sum) refers to algorithmofcrc.o(.data) for sss
    pid.o(i.PID_struct_init) refers to pid.o(i.pid_param_init) for pid_param_init
    pid.o(i.PID_struct_init) refers to pid.o(i.pid_reset) for pid_reset
    pid.o(i.abs_limit) refers to cfrcmple.o(.text) for __aeabi_cfrcmple
    pid.o(i.pid_calc) refers to fadd.o(.text) for __aeabi_fsub
    pid.o(i.pid_calc) refers to ffltui.o(.text) for __aeabi_ui2f
    pid.o(i.pid_calc) refers to pid.o(i.abs_limit) for abs_limit
    pid.o(i.pid_calc) refers to fmul.o(.text) for __aeabi_fmul
    zerocheck.o(i.Get_ZeroCheck_Value_Interface) refers to zerocheck.o(i.ZeroCheck_cal) for ZeroCheck_cal
    zerocheck.o(i.ResetZeroCheck) refers to zerocheck.o(i.ZeroCheck_Init_Interface) for ZeroCheck_Init_Interface
    zerocheck.o(i.ZeroCheck_cal) refers to fadd.o(.text) for __aeabi_fsub
    zerocheck.o(i.ZeroCheck_cal) refers to fmul.o(.text) for __aeabi_fmul
    zerocheck.o(i.ZeroCheck_cal) refers to cfcmple.o(.text) for __aeabi_cfcmple
    zerocheck.o(i.ZeroCheck_cal) refers to cfrcmple.o(.text) for __aeabi_cfrcmple
    gimbal.o(i.gimbal_init) refers to zerocheck.o(i.ZeroCheck_Init_Interface) for ZeroCheck_Init_Interface
    gimbal.o(i.gimbal_init) refers to gimbal.o(.bss) for yaw
    gimbal.o(i.gimbal_tast) refers to imu.o(i.imuDiscode) for imuDiscode
    gimbal.o(i.gimbal_tast) refers to imu.o(i.getYawAngle) for getYawAngle
    gimbal.o(i.gimbal_tast) refers to imu.o(i.getYawSpeed) for getYawSpeed
    gimbal.o(i.gimbal_tast) refers to imu.o(i.getPitchAngle) for getPitchAngle
    gimbal.o(i.gimbal_tast) refers to imu.o(i.getPitchSpeed) for getPitchSpeed
    gimbal.o(i.gimbal_tast) refers to f2d.o(.text) for __aeabi_f2d
    gimbal.o(i.gimbal_tast) refers to dbus.o(i.getRCData) for getRCData
    gimbal.o(i.gimbal_tast) refers to memcpya.o(.text) for __aeabi_memcpy4
    gimbal.o(i.gimbal_tast) refers to dflti.o(.text) for __aeabi_i2d
    gimbal.o(i.gimbal_tast) refers to dmul.o(.text) for __aeabi_dmul
    gimbal.o(i.gimbal_tast) refers to dadd.o(.text) for __aeabi_dadd
    gimbal.o(i.gimbal_tast) refers to d2f.o(.text) for __aeabi_d2f
    gimbal.o(i.gimbal_tast) refers to motor.o(i.RM6623_control) for RM6623_control
    gimbal.o(i.gimbal_tast) refers to drv_can.o(i.CAN_SendData) for CAN_SendData
    gimbal.o(i.gimbal_tast) refers to gimbal.o(.bss) for yaw
    gimbal.o(i.gimbal_tast) refers to gimbal.o(.data) for gimbal_delay
    gimbal.o(i.gimbal_tast) refers to drv_can.o(.bss) for hcan1
    shoot.o(i.shoot_init) refers to dshot.o(i.setDshotValue) for setDshotValue
    shoot.o(i.shoot_task) refers to dbus.o(i.getRCData) for getRCData
    shoot.o(i.shoot_task) refers to memcpya.o(.text) for __aeabi_memcpy4
    shoot.o(i.shoot_task) refers to dshot.o(i.setDshotValue) for setDshotValue
    shoot.o(i.shoot_task) refers to shoot.o(.data) for shoot_speed
    modules.o(i.modules_init) refers to gimbal.o(i.gimbal_init) for gimbal_init
    modules.o(i.modules_init) refers to shoot.o(i.shoot_init) for shoot_init
    modules.o(i.modules_task) refers to gimbal.o(i.gimbal_tast) for gimbal_tast
    modules.o(i.modules_task) refers to shoot.o(i.shoot_task) for shoot_task
    entry.o(.ARM.Collect$$$$00000000) refers (Special) to entry10a.o(.ARM.Collect$$$$0000000D) for __rt_final_cpp
    entry.o(.ARM.Collect$$$$00000000) refers (Special) to entry11a.o(.ARM.Collect$$$$0000000F) for __rt_final_exit
    entry.o(.ARM.Collect$$$$00000000) refers (Special) to entry7b.o(.ARM.Collect$$$$00000008) for _main_clock
    entry.o(.ARM.Collect$$$$00000000) refers (Special) to entry8b.o(.ARM.Collect$$$$0000000A) for _main_cpp_init
    entry.o(.ARM.Collect$$$$00000000) refers (Special) to entry9a.o(.ARM.Collect$$$$0000000B) for _main_init
    entry.o(.ARM.Collect$$$$00000000) refers (Special) to entry5.o(.ARM.Collect$$$$00000004) for _main_scatterload
    entry.o(.ARM.Collect$$$$00000000) refers (Special) to entry2.o(.ARM.Collect$$$$00000001) for _main_stk
    fadd.o(.text) refers (Special) to iusefp.o(.text) for __I$use$fp
    fadd.o(.text) refers to fepilogue.o(.text) for _float_epilogue
    fmul.o(.text) refers (Special) to iusefp.o(.text) for __I$use$fp
    dadd.o(.text) refers (Special) to iusefp.o(.text) for __I$use$fp
    dadd.o(.text) refers to llshl.o(.text) for __aeabi_llsl
    dadd.o(.text) refers to llsshr.o(.text) for __aeabi_lasr
    dadd.o(.text) refers to depilogue.o(.text) for _double_epilogue
    dmul.o(.text) refers (Special) to iusefp.o(.text) for __I$use$fp
    dmul.o(.text) refers to depilogue.o(.text) for _double_epilogue
    fflti.o(.text) refers (Special) to iusefp.o(.text) for __I$use$fp
    fflti.o(.text) refers to fepilogue.o(.text) for _float_epilogue
    ffltui.o(.text) refers (Special) to iusefp.o(.text) for __I$use$fp
    ffltui.o(.text) refers to fepilogue.o(.text) for _float_epilogue
    dflti.o(.text) refers (Special) to iusefp.o(.text) for __I$use$fp
    dflti.o(.text) refers to depilogue.o(.text) for _double_epilogue
    ffixi.o(.text) refers (Special) to iusefp.o(.text) for __I$use$fp
    f2d.o(.text) refers (Special) to iusefp.o(.text) for __I$use$fp
    d2f.o(.text) refers (Special) to iusefp.o(.text) for __I$use$fp
    d2f.o(.text) refers to fepilogue.o(.text) for _float_round
    cfcmple.o(.text) refers (Special) to iusefp.o(.text) for __I$use$fp
    cfrcmple.o(.text) refers (Special) to iusefp.o(.text) for __I$use$fp
    entry2.o(.ARM.Collect$$$$00000001) refers to entry2.o(.ARM.Collect$$$$00002712) for __lit__00000000
    entry2.o(.ARM.Collect$$$$00002712) refers to startup_stm32f10x_cl.o(STACK) for __initial_sp
    entry2.o(__vectab_stack_and_reset_area) refers to startup_stm32f10x_cl.o(STACK) for __initial_sp
    entry2.o(__vectab_stack_and_reset_area) refers to entry.o(.ARM.Collect$$$$00000000) for __main
    entry5.o(.ARM.Collect$$$$00000004) refers to init.o(.text) for __scatterload
    entry9a.o(.ARM.Collect$$$$0000000B) refers to main.o(i.main) for main
    entry9b.o(.ARM.Collect$$$$0000000C) refers to main.o(i.main) for main
    depilogue.o(.text) refers to llshl.o(.text) for __aeabi_llsl
    depilogue.o(.text) refers to llushr.o(.text) for __aeabi_llsr
    init.o(.text) refers to entry5.o(.ARM.Collect$$$$00000004) for __main_after_scatterload


==============================================================================

Removing Unused input sections from the image.

    Removing startup_stm32f10x_cl.o(HEAP), (512 bytes).
    Removing stm32f10x_it.o(.bss), (18 bytes).
    Removing drv_tim.o(i.TIM_IC_Config), (2 bytes).
    Removing drv_tim.o(i.delayMs_Block), (28 bytes).
    Removing drv_tim.o(i.delayUs_Block), (26 bytes).
    Removing misc.o(i.NVIC_PriorityGroupConfig), (20 bytes).
    Removing misc.o(i.NVIC_SetVectorTable), (20 bytes).
    Removing misc.o(i.NVIC_SystemLPConfig), (32 bytes).
    Removing misc.o(i.SysTick_CLKSourceConfig), (40 bytes).
    Removing stm32f10x_rcc.o(i.RCC_ADCCLKConfig), (24 bytes).
    Removing stm32f10x_rcc.o(i.RCC_AHBPeriphResetCmd), (32 bytes).
    Removing stm32f10x_rcc.o(i.RCC_APB2PeriphResetCmd), (32 bytes).
    Removing stm32f10x_rcc.o(i.RCC_AdjustHSICalibrationValue), (24 bytes).
    Removing stm32f10x_rcc.o(i.RCC_BackupResetCmd), (12 bytes).
    Removing stm32f10x_rcc.o(i.RCC_ClearFlag), (20 bytes).
    Removing stm32f10x_rcc.o(i.RCC_ClearITPendingBit), (12 bytes).
    Removing stm32f10x_rcc.o(i.RCC_ClockSecuritySystemCmd), (12 bytes).
    Removing stm32f10x_rcc.o(i.RCC_DeInit), (92 bytes).
    Removing stm32f10x_rcc.o(i.RCC_GetFlagStatus), (60 bytes).
    Removing stm32f10x_rcc.o(i.RCC_GetITStatus), (24 bytes).
    Removing stm32f10x_rcc.o(i.RCC_GetSYSCLKSource), (16 bytes).
    Removing stm32f10x_rcc.o(i.RCC_HCLKConfig), (24 bytes).
    Removing stm32f10x_rcc.o(i.RCC_HSEConfig), (76 bytes).
    Removing stm32f10x_rcc.o(i.RCC_HSICmd), (12 bytes).
    Removing stm32f10x_rcc.o(i.RCC_I2S2CLKConfig), (12 bytes).
    Removing stm32f10x_rcc.o(i.RCC_I2S3CLKConfig), (12 bytes).
    Removing stm32f10x_rcc.o(i.RCC_ITConfig), (32 bytes).
    Removing stm32f10x_rcc.o(i.RCC_LSEConfig), (52 bytes).
    Removing stm32f10x_rcc.o(i.RCC_LSICmd), (12 bytes).
    Removing stm32f10x_rcc.o(i.RCC_MCOConfig), (12 bytes).
    Removing stm32f10x_rcc.o(i.RCC_OTGFSCLKConfig), (12 bytes).
    Removing stm32f10x_rcc.o(i.RCC_PCLK1Config), (24 bytes).
    Removing stm32f10x_rcc.o(i.RCC_PCLK2Config), (24 bytes).
    Removing stm32f10x_rcc.o(i.RCC_PLL2Cmd), (12 bytes).
    Removing stm32f10x_rcc.o(i.RCC_PLL2Config), (24 bytes).
    Removing stm32f10x_rcc.o(i.RCC_PLL3Cmd), (12 bytes).
    Removing stm32f10x_rcc.o(i.RCC_PLL3Config), (24 bytes).
    Removing stm32f10x_rcc.o(i.RCC_PLLCmd), (12 bytes).
    Removing stm32f10x_rcc.o(i.RCC_PLLConfig), (28 bytes).
    Removing stm32f10x_rcc.o(i.RCC_PREDIV1Config), (32 bytes).
    Removing stm32f10x_rcc.o(i.RCC_PREDIV2Config), (24 bytes).
    Removing stm32f10x_rcc.o(i.RCC_RTCCLKCmd), (12 bytes).
    Removing stm32f10x_rcc.o(i.RCC_RTCCLKConfig), (16 bytes).
    Removing stm32f10x_rcc.o(i.RCC_SYSCLKConfig), (24 bytes).
    Removing stm32f10x_rcc.o(i.RCC_WaitForHSEStartUp), (56 bytes).
    Removing stm32f10x_gpio.o(i.GPIO_AFIODeInit), (20 bytes).
    Removing stm32f10x_gpio.o(i.GPIO_DeInit), (200 bytes).
    Removing stm32f10x_gpio.o(i.GPIO_ETH_MediaInterfaceConfig), (12 bytes).
    Removing stm32f10x_gpio.o(i.GPIO_EXTILineConfig), (64 bytes).
    Removing stm32f10x_gpio.o(i.GPIO_EventOutputCmd), (12 bytes).
    Removing stm32f10x_gpio.o(i.GPIO_EventOutputConfig), (32 bytes).
    Removing stm32f10x_gpio.o(i.GPIO_PinLockConfig), (18 bytes).
    Removing stm32f10x_gpio.o(i.GPIO_ReadInputData), (8 bytes).
    Removing stm32f10x_gpio.o(i.GPIO_ReadInputDataBit), (18 bytes).
    Removing stm32f10x_gpio.o(i.GPIO_ReadOutputData), (8 bytes).
    Removing stm32f10x_gpio.o(i.GPIO_ReadOutputDataBit), (18 bytes).
    Removing stm32f10x_gpio.o(i.GPIO_ResetBits), (4 bytes).
    Removing stm32f10x_gpio.o(i.GPIO_SetBits), (4 bytes).
    Removing stm32f10x_gpio.o(i.GPIO_StructInit), (16 bytes).
    Removing stm32f10x_gpio.o(i.GPIO_Write), (4 bytes).
    Removing stm32f10x_gpio.o(i.GPIO_WriteBit), (10 bytes).
    Removing stm32f10x_can.o(i.CAN_CancelTransmit), (48 bytes).
    Removing stm32f10x_can.o(i.CAN_ClearFlag), (56 bytes).
    Removing stm32f10x_can.o(i.CAN_DBGFreeze), (22 bytes).
    Removing stm32f10x_can.o(i.CAN_FIFORelease), (22 bytes).
    Removing stm32f10x_can.o(i.CAN_GetFlagStatus), (120 bytes).
    Removing stm32f10x_can.o(i.CAN_GetLSBTransmitErrorCounter), (12 bytes).
    Removing stm32f10x_can.o(i.CAN_GetLastErrorCode), (12 bytes).
    Removing stm32f10x_can.o(i.CAN_GetReceiveErrorCounter), (10 bytes).
    Removing stm32f10x_can.o(i.CAN_MessagePending), (30 bytes).
    Removing stm32f10x_can.o(i.CAN_OperatingModeRequest), (162 bytes).
    Removing stm32f10x_can.o(i.CAN_SlaveStartBank), (52 bytes).
    Removing stm32f10x_can.o(i.CAN_Sleep), (30 bytes).
    Removing stm32f10x_can.o(i.CAN_TTComModeCmd), (118 bytes).
    Removing stm32f10x_can.o(i.CAN_TransmitStatus), (160 bytes).
    Removing stm32f10x_can.o(i.CAN_WakeUp), (48 bytes).
    Removing stm32f10x_tim.o(i.TI1_Config), (128 bytes).
    Removing stm32f10x_tim.o(i.TI2_Config), (152 bytes).
    Removing stm32f10x_tim.o(i.TI3_Config), (144 bytes).
    Removing stm32f10x_tim.o(i.TI4_Config), (152 bytes).
    Removing stm32f10x_tim.o(i.TIM_BDTRConfig), (32 bytes).
    Removing stm32f10x_tim.o(i.TIM_BDTRStructInit), (18 bytes).
    Removing stm32f10x_tim.o(i.TIM_CCPreloadControl), (24 bytes).
    Removing stm32f10x_tim.o(i.TIM_CCxCmd), (30 bytes).
    Removing stm32f10x_tim.o(i.TIM_CCxNCmd), (30 bytes).
    Removing stm32f10x_tim.o(i.TIM_ClearFlag), (6 bytes).
    Removing stm32f10x_tim.o(i.TIM_ClearITPendingBit), (6 bytes).
    Removing stm32f10x_tim.o(i.TIM_ClearOC1Ref), (18 bytes).
    Removing stm32f10x_tim.o(i.TIM_ClearOC2Ref), (24 bytes).
    Removing stm32f10x_tim.o(i.TIM_ClearOC3Ref), (18 bytes).
    Removing stm32f10x_tim.o(i.TIM_ClearOC4Ref), (24 bytes).
    Removing stm32f10x_tim.o(i.TIM_CounterModeConfig), (18 bytes).
    Removing stm32f10x_tim.o(i.TIM_DeInit), (488 bytes).
    Removing stm32f10x_tim.o(i.TIM_ETRClockMode1Config), (54 bytes).
    Removing stm32f10x_tim.o(i.TIM_ETRClockMode2Config), (32 bytes).
    Removing stm32f10x_tim.o(i.TIM_ETRConfig), (28 bytes).
    Removing stm32f10x_tim.o(i.TIM_EncoderInterfaceConfig), (66 bytes).
    Removing stm32f10x_tim.o(i.TIM_ForcedOC1Config), (18 bytes).
    Removing stm32f10x_tim.o(i.TIM_ForcedOC2Config), (26 bytes).
    Removing stm32f10x_tim.o(i.TIM_ForcedOC3Config), (18 bytes).
    Removing stm32f10x_tim.o(i.TIM_ForcedOC4Config), (26 bytes).
    Removing stm32f10x_tim.o(i.TIM_GenerateEvent), (4 bytes).
    Removing stm32f10x_tim.o(i.TIM_GetCapture1), (6 bytes).
    Removing stm32f10x_tim.o(i.TIM_GetCapture2), (6 bytes).
    Removing stm32f10x_tim.o(i.TIM_GetCapture3), (6 bytes).
    Removing stm32f10x_tim.o(i.TIM_GetCapture4), (8 bytes).
    Removing stm32f10x_tim.o(i.TIM_GetCounter), (6 bytes).
    Removing stm32f10x_tim.o(i.TIM_GetFlagStatus), (18 bytes).
    Removing stm32f10x_tim.o(i.TIM_GetITStatus), (34 bytes).
    Removing stm32f10x_tim.o(i.TIM_GetPrescaler), (6 bytes).
    Removing stm32f10x_tim.o(i.TIM_ICInit), (172 bytes).
    Removing stm32f10x_tim.o(i.TIM_ICStructInit), (18 bytes).
    Removing stm32f10x_tim.o(i.TIM_ITConfig), (18 bytes).
    Removing stm32f10x_tim.o(i.TIM_ITRxExternalClockConfig), (24 bytes).
    Removing stm32f10x_tim.o(i.TIM_InternalClockConfig), (12 bytes).
    Removing stm32f10x_tim.o(i.TIM_OC1FastConfig), (18 bytes).
    Removing stm32f10x_tim.o(i.TIM_OC1NPolarityConfig), (18 bytes).
    Removing stm32f10x_tim.o(i.TIM_OC1PolarityConfig), (18 bytes).
    Removing stm32f10x_tim.o(i.TIM_OC2FastConfig), (26 bytes).
    Removing stm32f10x_tim.o(i.TIM_OC2NPolarityConfig), (26 bytes).
    Removing stm32f10x_tim.o(i.TIM_OC2PolarityConfig), (26 bytes).
    Removing stm32f10x_tim.o(i.TIM_OC3FastConfig), (18 bytes).
    Removing stm32f10x_tim.o(i.TIM_OC3Init), (160 bytes).
    Removing stm32f10x_tim.o(i.TIM_OC3NPolarityConfig), (26 bytes).
    Removing stm32f10x_tim.o(i.TIM_OC3PolarityConfig), (26 bytes).
    Removing stm32f10x_tim.o(i.TIM_OC3PreloadConfig), (18 bytes).
    Removing stm32f10x_tim.o(i.TIM_OC4FastConfig), (26 bytes).
    Removing stm32f10x_tim.o(i.TIM_OC4Init), (124 bytes).
    Removing stm32f10x_tim.o(i.TIM_OC4PolarityConfig), (26 bytes).
    Removing stm32f10x_tim.o(i.TIM_OC4PreloadConfig), (26 bytes).
    Removing stm32f10x_tim.o(i.TIM_OCStructInit), (20 bytes).
    Removing stm32f10x_tim.o(i.TIM_PWMIConfig), (124 bytes).
    Removing stm32f10x_tim.o(i.TIM_PrescalerConfig), (6 bytes).
    Removing stm32f10x_tim.o(i.TIM_SelectCCDMA), (24 bytes).
    Removing stm32f10x_tim.o(i.TIM_SelectCOM), (24 bytes).
    Removing stm32f10x_tim.o(i.TIM_SelectHallSensor), (24 bytes).
    Removing stm32f10x_tim.o(i.TIM_SelectInputTrigger), (18 bytes).
    Removing stm32f10x_tim.o(i.TIM_SelectMasterSlaveMode), (18 bytes).
    Removing stm32f10x_tim.o(i.TIM_SelectOCxM), (82 bytes).
    Removing stm32f10x_tim.o(i.TIM_SelectOnePulseMode), (18 bytes).
    Removing stm32f10x_tim.o(i.TIM_SelectOutputTrigger), (18 bytes).
    Removing stm32f10x_tim.o(i.TIM_SelectSlaveMode), (18 bytes).
    Removing stm32f10x_tim.o(i.TIM_SetAutoreload), (4 bytes).
    Removing stm32f10x_tim.o(i.TIM_SetClockDivision), (18 bytes).
    Removing stm32f10x_tim.o(i.TIM_SetCompare1), (4 bytes).
    Removing stm32f10x_tim.o(i.TIM_SetCompare2), (4 bytes).
    Removing stm32f10x_tim.o(i.TIM_SetCompare3), (4 bytes).
    Removing stm32f10x_tim.o(i.TIM_SetCompare4), (6 bytes).
    Removing stm32f10x_tim.o(i.TIM_SetCounter), (4 bytes).
    Removing stm32f10x_tim.o(i.TIM_SetIC1Prescaler), (18 bytes).
    Removing stm32f10x_tim.o(i.TIM_SetIC2Prescaler), (26 bytes).
    Removing stm32f10x_tim.o(i.TIM_SetIC3Prescaler), (18 bytes).
    Removing stm32f10x_tim.o(i.TIM_SetIC4Prescaler), (26 bytes).
    Removing stm32f10x_tim.o(i.TIM_TIxExternalClockConfig), (62 bytes).
    Removing stm32f10x_tim.o(i.TIM_TimeBaseStructInit), (18 bytes).
    Removing stm32f10x_tim.o(i.TIM_UpdateDisableConfig), (24 bytes).
    Removing stm32f10x_tim.o(i.TIM_UpdateRequestConfig), (24 bytes).
    Removing stm32f10x_exti.o(i.EXTI_ClearFlag), (12 bytes).
    Removing stm32f10x_exti.o(i.EXTI_ClearITPendingBit), (12 bytes).
    Removing stm32f10x_exti.o(i.EXTI_DeInit), (36 bytes).
    Removing stm32f10x_exti.o(i.EXTI_GenerateSWInterrupt), (16 bytes).
    Removing stm32f10x_exti.o(i.EXTI_GetFlagStatus), (24 bytes).
    Removing stm32f10x_exti.o(i.EXTI_GetITStatus), (40 bytes).
    Removing stm32f10x_exti.o(i.EXTI_Init), (148 bytes).
    Removing stm32f10x_exti.o(i.EXTI_StructInit), (16 bytes).
    Removing stm32f10x_dma.o(i.DMA_ClearFlag), (28 bytes).
    Removing stm32f10x_dma.o(i.DMA_GetITStatus), (44 bytes).
    Removing stm32f10x_dma.o(i.DMA_ITConfig), (18 bytes).
    Removing stm32f10x_dma.o(i.DMA_StructInit), (26 bytes).
    Removing stm32f10x_usart.o(i.USART_ClearFlag), (18 bytes).
    Removing stm32f10x_usart.o(i.USART_ClockInit), (34 bytes).
    Removing stm32f10x_usart.o(i.USART_ClockStructInit), (12 bytes).
    Removing stm32f10x_usart.o(i.USART_DeInit), (156 bytes).
    Removing stm32f10x_usart.o(i.USART_GetFlagStatus), (26 bytes).
    Removing stm32f10x_usart.o(i.USART_HalfDuplexCmd), (24 bytes).
    Removing stm32f10x_usart.o(i.USART_IrDACmd), (24 bytes).
    Removing stm32f10x_usart.o(i.USART_IrDAConfig), (18 bytes).
    Removing stm32f10x_usart.o(i.USART_LINBreakDetectLengthConfig), (18 bytes).
    Removing stm32f10x_usart.o(i.USART_LINCmd), (24 bytes).
    Removing stm32f10x_usart.o(i.USART_OneBitMethodCmd), (24 bytes).
    Removing stm32f10x_usart.o(i.USART_OverSampling8Cmd), (22 bytes).
    Removing stm32f10x_usart.o(i.USART_ReceiveData), (10 bytes).
    Removing stm32f10x_usart.o(i.USART_ReceiverWakeUpCmd), (24 bytes).
    Removing stm32f10x_usart.o(i.USART_SendBreak), (10 bytes).
    Removing stm32f10x_usart.o(i.USART_SendData), (8 bytes).
    Removing stm32f10x_usart.o(i.USART_SetAddress), (18 bytes).
    Removing stm32f10x_usart.o(i.USART_SetGuardTime), (16 bytes).
    Removing stm32f10x_usart.o(i.USART_SetPrescaler), (16 bytes).
    Removing stm32f10x_usart.o(i.USART_SmartCardCmd), (24 bytes).
    Removing stm32f10x_usart.o(i.USART_SmartCardNACKCmd), (24 bytes).
    Removing stm32f10x_usart.o(i.USART_StructInit), (24 bytes).
    Removing stm32f10x_usart.o(i.USART_WakeUpConfig), (18 bytes).
    Removing core_cm3.o(.emb_text), (32 bytes).
    Removing system_stm32f10x.o(.constdata), (20 bytes).
    Removing datascope_dp.o(i.DataScope_Data_Generate), (156 bytes).
    Removing datascope_dp.o(i.DataScope_Get_Channel_Data), (164 bytes).
    Removing datascope_dp.o(i.Float2Byte), (28 bytes).
    Removing datascope_dp.o(i.dataScope_sendChannalData), (44 bytes).
    Removing datascope_dp.o(.bss), (44 bytes).
    Removing dbus.o(i.reset_remote_control_msg), (72 bytes).
    Removing motor.o(i.DM50_control), (2 bytes).
    Removing motor.o(i.M2006_control), (60 bytes).
    Removing algorithmofcrc.o(i.Append_CRC16_Check_Sum), (48 bytes).
    Removing algorithmofcrc.o(i.Append_CRC8_Check_Sum), (36 bytes).
    Removing algorithmofcrc.o(i.Get_CRC16_Check_Sum), (52 bytes).
    Removing algorithmofcrc.o(i.Get_CRC8_Check_Sum), (36 bytes).
    Removing algorithmofcrc.o(i.Verify_CRC16_Check_Sum), (64 bytes).
    Removing algorithmofcrc.o(i.Verify_CRC8_Check_Sum), (56 bytes).
    Removing algorithmofcrc.o(.constdata), (769 bytes).
    Removing algorithmofcrc.o(.data), (4 bytes).
    Removing pid.o(i.PID_struct_init), (68 bytes).
    Removing pid.o(i.pid_param_init), (20 bytes).
    Removing pid.o(i.pid_reset), (20 bytes).
    Removing zerocheck.o(i.ResetZeroCheck), (20 bytes).
    Removing shoot.o(.bss), (440 bytes).

215 unused section(s) (total 9409 bytes) removed from the image.

==============================================================================

Image Symbol Table

    Local Symbols

    Symbol Name                              Value     Ov Type        Size  Object(Section)

    ../clib/microlib/init/entry.s            0x00000000   Number         0  entry9b.o ABSOLUTE
    ../clib/microlib/init/entry.s            0x00000000   Number         0  entry11b.o ABSOLUTE
    ../clib/microlib/init/entry.s            0x00000000   Number         0  entry11a.o ABSOLUTE
    ../clib/microlib/init/entry.s            0x00000000   Number         0  entry7a.o ABSOLUTE
    ../clib/microlib/init/entry.s            0x00000000   Number         0  entry5.o ABSOLUTE
    ../clib/microlib/init/entry.s            0x00000000   Number         0  entry10b.o ABSOLUTE
    ../clib/microlib/init/entry.s            0x00000000   Number         0  entry10a.o ABSOLUTE
    ../clib/microlib/init/entry.s            0x00000000   Number         0  entry2.o ABSOLUTE
    ../clib/microlib/init/entry.s            0x00000000   Number         0  entry8b.o ABSOLUTE
    ../clib/microlib/init/entry.s            0x00000000   Number         0  entry9a.o ABSOLUTE
    ../clib/microlib/init/entry.s            0x00000000   Number         0  entry.o ABSOLUTE
    ../clib/microlib/init/entry.s            0x00000000   Number         0  entry8a.o ABSOLUTE
    ../clib/microlib/init/entry.s            0x00000000   Number         0  entry7b.o ABSOLUTE
    ../clib/microlib/longlong.c              0x00000000   Number         0  llushr.o ABSOLUTE
    ../clib/microlib/longlong.c              0x00000000   Number         0  llshl.o ABSOLUTE
    ../clib/microlib/longlong.c              0x00000000   Number         0  llsshr.o ABSOLUTE
    ../clib/microlib/string/memcpy.c         0x00000000   Number         0  memcpya.o ABSOLUTE
    ../clib/microlib/string/memcpy.c         0x00000000   Number         0  memcpyb.o ABSOLUTE
    ../clib/microlib/stubs.s                 0x00000000   Number         0  iusefp.o ABSOLUTE
    ../fplib/microlib/d2f.c                  0x00000000   Number         0  d2f.o ABSOLUTE
    ../fplib/microlib/f2d.c                  0x00000000   Number         0  f2d.o ABSOLUTE
    ../fplib/microlib/fpadd.c                0x00000000   Number         0  dadd.o ABSOLUTE
    ../fplib/microlib/fpadd.c                0x00000000   Number         0  fadd.o ABSOLUTE
    ../fplib/microlib/fpepilogue.c           0x00000000   Number         0  fepilogue.o ABSOLUTE
    ../fplib/microlib/fpepilogue.c           0x00000000   Number         0  depilogue.o ABSOLUTE
    ../fplib/microlib/fpfix.c                0x00000000   Number         0  ffixi.o ABSOLUTE
    ../fplib/microlib/fpflt.c                0x00000000   Number         0  dflti.o ABSOLUTE
    ../fplib/microlib/fpflt.c                0x00000000   Number         0  ffltui.o ABSOLUTE
    ../fplib/microlib/fpflt.c                0x00000000   Number         0  fflti.o ABSOLUTE
    ../fplib/microlib/fpmul.c                0x00000000   Number         0  dmul.o ABSOLUTE
    ../fplib/microlib/fpmul.c                0x00000000   Number         0  fmul.o ABSOLUTE
    FWlib\SRC\misc.c                         0x00000000   Number         0  misc.o ABSOLUTE
    FWlib\SRC\stm32f10x_can.c                0x00000000   Number         0  stm32f10x_can.o ABSOLUTE
    FWlib\SRC\stm32f10x_dma.c                0x00000000   Number         0  stm32f10x_dma.o ABSOLUTE
    FWlib\SRC\stm32f10x_exti.c               0x00000000   Number         0  stm32f10x_exti.o ABSOLUTE
    FWlib\SRC\stm32f10x_gpio.c               0x00000000   Number         0  stm32f10x_gpio.o ABSOLUTE
    FWlib\SRC\stm32f10x_rcc.c                0x00000000   Number         0  stm32f10x_rcc.o ABSOLUTE
    FWlib\SRC\stm32f10x_tim.c                0x00000000   Number         0  stm32f10x_tim.o ABSOLUTE
    FWlib\SRC\stm32f10x_usart.c              0x00000000   Number         0  stm32f10x_usart.o ABSOLUTE
    Hardware\drv_can.c                       0x00000000   Number         0  drv_can.o ABSOLUTE
    Hardware\drv_dma.c                       0x00000000   Number         0  drv_dma.o ABSOLUTE
    Hardware\drv_gpio.c                      0x00000000   Number         0  drv_gpio.o ABSOLUTE
    Hardware\drv_nvic.c                      0x00000000   Number         0  drv_nvic.o ABSOLUTE
    Hardware\drv_tim.c                       0x00000000   Number         0  drv_tim.o ABSOLUTE
    Hardware\drv_usart.c                     0x00000000   Number         0  drv_usart.o ABSOLUTE
    algorithm\ZeroCheck.c                    0x00000000   Number         0  zerocheck.o ABSOLUTE
    algorithm\algorithmOfCRC.c               0x00000000   Number         0  algorithmofcrc.o ABSOLUTE
    algorithm\pid.c                          0x00000000   Number         0  pid.o ABSOLUTE
    cfcmple.s                                0x00000000   Number         0  cfcmple.o ABSOLUTE
    cfrcmple.s                               0x00000000   Number         0  cfrcmple.o ABSOLUTE
    dc.s                                     0x00000000   Number         0  dc.o ABSOLUTE
    device\DataScope_DP.C                    0x00000000   Number         0  datascope_dp.o ABSOLUTE
    device\IMU.c                             0x00000000   Number         0  imu.o ABSOLUTE
    device\dbus.c                            0x00000000   Number         0  dbus.o ABSOLUTE
    device\dshot.c                           0x00000000   Number         0  dshot.o ABSOLUTE
    device\motor.c                           0x00000000   Number         0  motor.o ABSOLUTE
    handlers.s                               0x00000000   Number         0  handlers.o ABSOLUTE
    init.s                                   0x00000000   Number         0  init.o ABSOLUTE
    modules\gimbal.c                         0x00000000   Number         0  gimbal.o ABSOLUTE
    modules\modules.c                        0x00000000   Number         0  modules.o ABSOLUTE
    modules\shoot.c                          0x00000000   Number         0  shoot.o ABSOLUTE
    startup\startup_stm32f10x_cl.s           0x00000000   Number         0  startup_stm32f10x_cl.o ABSOLUTE
    user\\core_cm3.c                         0x00000000   Number         0  core_cm3.o ABSOLUTE
    user\core_cm3.c                          0x00000000   Number         0  core_cm3.o ABSOLUTE
    user\main.c                              0x00000000   Number         0  main.o ABSOLUTE
    user\stm32f10x_it.c                      0x00000000   Number         0  stm32f10x_it.o ABSOLUTE
    user\system_stm32f10x.c                  0x00000000   Number         0  system_stm32f10x.o ABSOLUTE
    RESET                                    0x08000000   Section      336  startup_stm32f10x_cl.o(RESET)
    .ARM.Collect$$$$00000000                 0x08000150   Section        0  entry.o(.ARM.Collect$$$$00000000)
    .ARM.Collect$$$$00000001                 0x08000150   Section        4  entry2.o(.ARM.Collect$$$$00000001)
    .ARM.Collect$$$$00000004                 0x08000154   Section        4  entry5.o(.ARM.Collect$$$$00000004)
    .ARM.Collect$$$$00000008                 0x08000158   Section        0  entry7b.o(.ARM.Collect$$$$00000008)
    .ARM.Collect$$$$0000000A                 0x08000158   Section        0  entry8b.o(.ARM.Collect$$$$0000000A)
    .ARM.Collect$$$$0000000B                 0x08000158   Section        8  entry9a.o(.ARM.Collect$$$$0000000B)
    .ARM.Collect$$$$0000000D                 0x08000160   Section        0  entry10a.o(.ARM.Collect$$$$0000000D)
    .ARM.Collect$$$$0000000F                 0x08000160   Section        0  entry11a.o(.ARM.Collect$$$$0000000F)
    .ARM.Collect$$$$00002712                 0x08000160   Section        4  entry2.o(.ARM.Collect$$$$00002712)
    __lit__00000000                          0x08000160   Data           4  entry2.o(.ARM.Collect$$$$00002712)
    .text                                    0x08000164   Section       36  startup_stm32f10x_cl.o(.text)
    .text                                    0x08000188   Section        0  memcpya.o(.text)
    .text                                    0x080001ac   Section        0  fadd.o(.text)
    .text                                    0x0800025c   Section        0  fmul.o(.text)
    .text                                    0x080002c0   Section        0  dadd.o(.text)
    .text                                    0x0800040e   Section        0  dmul.o(.text)
    .text                                    0x080004f2   Section        0  fflti.o(.text)
    .text                                    0x08000504   Section        0  ffltui.o(.text)
    .text                                    0x0800050e   Section        0  dflti.o(.text)
    .text                                    0x08000530   Section        0  ffixi.o(.text)
    .text                                    0x08000562   Section        0  f2d.o(.text)
    .text                                    0x08000588   Section        0  d2f.o(.text)
    .text                                    0x080005c0   Section       20  cfcmple.o(.text)
    .text                                    0x080005d4   Section       20  cfrcmple.o(.text)
    .text                                    0x080005e8   Section        0  llshl.o(.text)
    .text                                    0x08000606   Section        0  llsshr.o(.text)
    .text                                    0x0800062a   Section        0  fepilogue.o(.text)
    .text                                    0x0800062a   Section        0  iusefp.o(.text)
    .text                                    0x08000698   Section        0  depilogue.o(.text)
    .text                                    0x08000754   Section       36  init.o(.text)
    .text                                    0x08000778   Section        0  llushr.o(.text)
    i.BusFault_Handler                       0x08000798   Section        0  stm32f10x_it.o(i.BusFault_Handler)
    i.CAN1_Config                            0x0800079c   Section        0  drv_can.o(i.CAN1_Config)
    i.CAN1_RX0_IRQHandler                    0x080008a0   Section        0  stm32f10x_it.o(i.CAN1_RX0_IRQHandler)
    i.CAN2_Config                            0x080008c4   Section        0  drv_can.o(i.CAN2_Config)
    i.CAN2_RX0_IRQHandler                    0x080009c0   Section        0  stm32f10x_it.o(i.CAN2_RX0_IRQHandler)
    i.CAN2_RX1_IRQHandler                    0x080009e8   Section        0  stm32f10x_it.o(i.CAN2_RX1_IRQHandler)
    i.CAN_ClearITPendingBit                  0x08000a08   Section        0  stm32f10x_can.o(i.CAN_ClearITPendingBit)
    i.CAN_Config                             0x08000ab0   Section        0  drv_can.o(i.CAN_Config)
    i.CAN_DeInit                             0x08000ae4   Section        0  stm32f10x_can.o(i.CAN_DeInit)
    i.CAN_FilterInit                         0x08000b1c   Section        0  stm32f10x_can.o(i.CAN_FilterInit)
    i.CAN_GetITStatus                        0x08000c24   Section        0  stm32f10x_can.o(i.CAN_GetITStatus)
    i.CAN_ITConfig                           0x08000d44   Section        0  stm32f10x_can.o(i.CAN_ITConfig)
    i.CAN_Init                               0x08000d56   Section        0  stm32f10x_can.o(i.CAN_Init)
    i.CAN_Receive                            0x08000e6a   Section        0  stm32f10x_can.o(i.CAN_Receive)
    i.CAN_SendData                           0x08000f5c   Section        0  drv_can.o(i.CAN_SendData)
    i.CAN_StructInit                         0x08000fe4   Section        0  stm32f10x_can.o(i.CAN_StructInit)
    i.CAN_Transmit                           0x08001004   Section        0  stm32f10x_can.o(i.CAN_Transmit)
    i.Can1Receive_Hook                       0x0800112c   Section        0  drv_can.o(i.Can1Receive_Hook)
    i.Can2Receive_Hook                       0x08001170   Section        0  drv_can.o(i.Can2Receive_Hook)
    i.CheckITStatus                          0x080011c0   Section        0  stm32f10x_can.o(i.CheckITStatus)
    CheckITStatus                            0x080011c1   Thumb Code    18  stm32f10x_can.o(i.CheckITStatus)
    i.DMA2_Channel2_IRQHandler               0x080011d4   Section        0  stm32f10x_it.o(i.DMA2_Channel2_IRQHandler)
    i.DMA_ClearITPendingBit                  0x080011ec   Section        0  stm32f10x_dma.o(i.DMA_ClearITPendingBit)
    i.DMA_Cmd                                0x08001208   Section        0  stm32f10x_dma.o(i.DMA_Cmd)
    i.DMA_Config                             0x08001220   Section        0  drv_dma.o(i.DMA_Config)
    i.DMA_DeInit                             0x0800126c   Section        0  stm32f10x_dma.o(i.DMA_DeInit)
    i.DMA_GetCurrDataCounter                 0x080013b8   Section        0  stm32f10x_dma.o(i.DMA_GetCurrDataCounter)
    i.DMA_GetFlagStatus                      0x080013c0   Section        0  stm32f10x_dma.o(i.DMA_GetFlagStatus)
    i.DMA_Init                               0x080013ec   Section        0  stm32f10x_dma.o(i.DMA_Init)
    i.DMA_SetCurrDataCounter                 0x08001428   Section        0  stm32f10x_dma.o(i.DMA_SetCurrDataCounter)
    i.DebugMon_Handler                       0x0800142c   Section        0  stm32f10x_it.o(i.DebugMon_Handler)
    i.GPIO_Init                              0x0800142e   Section        0  stm32f10x_gpio.o(i.GPIO_Init)
    i.GPIO_PinRemapConfig                    0x08001544   Section        0  stm32f10x_gpio.o(i.GPIO_PinRemapConfig)
    i.Get_ZeroCheck_Value_Interface          0x080015d4   Section        0  zerocheck.o(i.Get_ZeroCheck_Value_Interface)
    i.HardFault_Handler                      0x080015e4   Section        0  stm32f10x_it.o(i.HardFault_Handler)
    i.MemManage_Handler                      0x080015e8   Section        0  stm32f10x_it.o(i.MemManage_Handler)
    i.NMI_Handler                            0x080015ec   Section        0  stm32f10x_it.o(i.NMI_Handler)
    i.NVIC_Config                            0x080015ee   Section        0  drv_nvic.o(i.NVIC_Config)
    i.NVIC_Init                              0x08001610   Section        0  misc.o(i.NVIC_Init)
    i.PendSV_Handler                         0x08001680   Section        0  stm32f10x_it.o(i.PendSV_Handler)
    i.RCC_AHBPeriphClockCmd                  0x08001684   Section        0  stm32f10x_rcc.o(i.RCC_AHBPeriphClockCmd)
    i.RCC_APB1PeriphClockCmd                 0x080016a4   Section        0  stm32f10x_rcc.o(i.RCC_APB1PeriphClockCmd)
    i.RCC_APB1PeriphResetCmd                 0x080016c4   Section        0  stm32f10x_rcc.o(i.RCC_APB1PeriphResetCmd)
    i.RCC_APB2PeriphClockCmd                 0x080016e4   Section        0  stm32f10x_rcc.o(i.RCC_APB2PeriphClockCmd)
    i.RCC_GetClocksFreq                      0x08001704   Section        0  stm32f10x_rcc.o(i.RCC_GetClocksFreq)
    i.RM6623_control                         0x08001890   Section        0  motor.o(i.RM6623_control)
    i.RemoteReceive                          0x08001934   Section        0  dbus.o(i.RemoteReceive)
    i.SVC_Handler                            0x08001b60   Section        0  stm32f10x_it.o(i.SVC_Handler)
    i.SetSysClock                            0x08001b62   Section        0  system_stm32f10x.o(i.SetSysClock)
    SetSysClock                              0x08001b63   Thumb Code     8  system_stm32f10x.o(i.SetSysClock)
    i.SetSysClockTo72                        0x08001b6c   Section        0  system_stm32f10x.o(i.SetSysClockTo72)
    SetSysClockTo72                          0x08001b6d   Thumb Code   220  system_stm32f10x.o(i.SetSysClockTo72)
    i.SysTick_Handler                        0x08001c50   Section        0  main.o(i.SysTick_Handler)
    i.SystemInit                             0x08001c58   Section        0  system_stm32f10x.o(i.SystemInit)
    i.TIM_ARRPreloadConfig                   0x08001ca8   Section        0  stm32f10x_tim.o(i.TIM_ARRPreloadConfig)
    i.TIM_BASE_Config                        0x08001cc0   Section        0  drv_tim.o(i.TIM_BASE_Config)
    i.TIM_Cmd                                0x08001cea   Section        0  stm32f10x_tim.o(i.TIM_Cmd)
    i.TIM_Config                             0x08001d04   Section        0  drv_tim.o(i.TIM_Config)
    i.TIM_CtrlPWMOutputs                     0x08001e14   Section        0  stm32f10x_tim.o(i.TIM_CtrlPWMOutputs)
    i.TIM_DMACmd                             0x08001e32   Section        0  stm32f10x_tim.o(i.TIM_DMACmd)
    i.TIM_DMAConfig                          0x08001e44   Section        0  stm32f10x_tim.o(i.TIM_DMAConfig)
    i.TIM_GPIO_Config                        0x08001e4e   Section        0  drv_tim.o(i.TIM_GPIO_Config)
    i.TIM_OC1Init                            0x08001edc   Section        0  stm32f10x_tim.o(i.TIM_OC1Init)
    i.TIM_OC1PreloadConfig                   0x08001f74   Section        0  stm32f10x_tim.o(i.TIM_OC1PreloadConfig)
    i.TIM_OC2Init                            0x08001f88   Section        0  stm32f10x_tim.o(i.TIM_OC2Init)
    i.TIM_OC2PreloadConfig                   0x0800202c   Section        0  stm32f10x_tim.o(i.TIM_OC2PreloadConfig)
    i.TIM_OC_Config                          0x08002046   Section        0  drv_tim.o(i.TIM_OC_Config)
    i.TIM_TimeBaseInit                       0x08002068   Section        0  stm32f10x_tim.o(i.TIM_TimeBaseInit)
    i.UART4_IRQHandler                       0x0800210c   Section        0  stm32f10x_it.o(i.UART4_IRQHandler)
    i.UART5_IRQHandler                       0x08002128   Section        0  stm32f10x_it.o(i.UART5_IRQHandler)
    i.UART_Config                            0x08002144   Section        0  drv_usart.o(i.UART_Config)
    i.UART_GPIO_RX_Config                    0x08002172   Section        0  drv_usart.o(i.UART_GPIO_RX_Config)
    i.UART_GPIO_TX_Config                    0x08002190   Section        0  drv_usart.o(i.UART_GPIO_TX_Config)
    i.USART1_IRQHandler                      0x080021b0   Section        0  stm32f10x_it.o(i.USART1_IRQHandler)
    i.USART2_IRQHandler                      0x080021cc   Section        0  stm32f10x_it.o(i.USART2_IRQHandler)
    i.USART3_IRQHandler                      0x080021e8   Section        0  stm32f10x_it.o(i.USART3_IRQHandler)
    i.USART_ClearITPendingBit                0x08002238   Section        0  stm32f10x_usart.o(i.USART_ClearITPendingBit)
    i.USART_Cmd                              0x08002256   Section        0  stm32f10x_usart.o(i.USART_Cmd)
    i.USART_Config                           0x08002270   Section        0  drv_usart.o(i.USART_Config)
    i.USART_DMACmd                           0x08002520   Section        0  stm32f10x_usart.o(i.USART_DMACmd)
    i.USART_GetITStatus                      0x08002532   Section        0  stm32f10x_usart.o(i.USART_GetITStatus)
    i.USART_ITConfig                         0x08002586   Section        0  stm32f10x_usart.o(i.USART_ITConfig)
    i.USART_Init                             0x080025d0   Section        0  stm32f10x_usart.o(i.USART_Init)
    i.UsageFault_Handler                     0x080026a8   Section        0  stm32f10x_it.o(i.UsageFault_Handler)
    i.ZeroCheck_Init_Interface               0x080026ac   Section        0  zerocheck.o(i.ZeroCheck_Init_Interface)
    i.ZeroCheck_cal                          0x080026bc   Section        0  zerocheck.o(i.ZeroCheck_cal)
    i.__scatterload_copy                     0x0800273c   Section       14  handlers.o(i.__scatterload_copy)
    i.__scatterload_null                     0x0800274a   Section        2  handlers.o(i.__scatterload_null)
    i.__scatterload_zeroinit                 0x0800274c   Section       14  handlers.o(i.__scatterload_zeroinit)
    i.abs_limit                              0x0800275a   Section        0  pid.o(i.abs_limit)
    i.droneConfig                            0x08002784   Section        0  main.o(i.droneConfig)
    i.droneInit                              0x080027fc   Section        0  main.o(i.droneInit)
    i.getCan1Msg                             0x08002804   Section        0  drv_can.o(i.getCan1Msg)
    i.getPitchAngle                          0x08002814   Section        0  imu.o(i.getPitchAngle)
    i.getPitchSpeed                          0x08002820   Section        0  imu.o(i.getPitchSpeed)
    i.getRCData                              0x0800282c   Section        0  dbus.o(i.getRCData)
    i.getYawAngle                            0x08002840   Section        0  imu.o(i.getYawAngle)
    i.getYawSpeed                            0x0800284c   Section        0  imu.o(i.getYawSpeed)
    i.gimbal_init                            0x08002858   Section        0  gimbal.o(i.gimbal_init)
    i.gimbal_tast                            0x08002924   Section        0  gimbal.o(i.gimbal_tast)
    i.imuDiscode                             0x08002a74   Section        0  imu.o(i.imuDiscode)
    i.main                                   0x08002aa0   Section        0  main.o(i.main)
    i.modules_init                           0x08002aac   Section        0  modules.o(i.modules_init)
    i.modules_task                           0x08002ab8   Section        0  modules.o(i.modules_task)
    i.motor_PID_cal                          0x08002ac8   Section        0  motor.o(i.motor_PID_cal)
    i.pid_calc                               0x08002b22   Section        0  pid.o(i.pid_calc)
    i.setDshotValue                          0x08002bac   Section        0  dshot.o(i.setDshotValue)
    i.shoot_init                             0x08002c8c   Section        0  shoot.o(i.shoot_init)
    i.shoot_task                             0x08002c98   Section        0  shoot.o(i.shoot_task)
    .data                                    0x20000000   Section        8  stm32f10x_it.o(.data)
    DATA_LENGTH                              0x20000004   Data           4  stm32f10x_it.o(.data)
    .data                                    0x20000008   Section       32  drv_usart.o(.data)
    .data                                    0x20000028   Section       20  stm32f10x_rcc.o(.data)
    APBAHBPrescTable                         0x20000028   Data          16  stm32f10x_rcc.o(.data)
    ADCPrescTable                            0x20000038   Data           4  stm32f10x_rcc.o(.data)
    .data                                    0x2000003c   Section        8  gimbal.o(.data)
    .data                                    0x20000044   Section        4  shoot.o(.data)
    .bss                                     0x20000048   Section       20  main.o(.bss)
    .bss                                     0x2000005c   Section      152  drv_can.o(.bss)
    .bss                                     0x200000f4   Section      300  drv_tim.o(.bss)
    .bss                                     0x20000220   Section      158  drv_usart.o(.bss)
    .bss                                     0x200002c0   Section      196  dshot.o(.bss)
    .bss                                     0x20000384   Section       56  dbus.o(.bss)
    .bss                                     0x200003bc   Section       24  imu.o(.bss)
    .bss                                     0x200003d4   Section      456  gimbal.o(.bss)
    STACK                                    0x200005a0   Section     1024  startup_stm32f10x_cl.o(STACK)

    Global Symbols

    Symbol Name                              Value     Ov Type        Size  Object(Section)

    BuildAttributes$$THM_ISAv4$P$D$K$B$S$PE$A:L22UL41UL21$X:L11$S22US41US21$IEEE1$IW$USESV6$~STKCKD$USESV7$~SHL$OTIME$ROPI$EBA8$MICROLIB$REQ8$PRES8$EABIv2 0x00000000   Number         0  anon$$obj.o ABSOLUTE
    __ARM_use_no_argv                        0x00000000   Number         0  main.o ABSOLUTE
    __cpp_initialize__aeabi_                  - Undefined Weak Reference
    __cxa_finalize                            - Undefined Weak Reference
    __decompress                              - Undefined Weak Reference
    _clock_init                               - Undefined Weak Reference
    _microlib_exit                            - Undefined Weak Reference
    __Vectors_Size                           0x00000150   Number         0  startup_stm32f10x_cl.o ABSOLUTE
    __Vectors                                0x08000000   Data           4  startup_stm32f10x_cl.o(RESET)
    __Vectors_End                            0x08000150   Data           0  startup_stm32f10x_cl.o(RESET)
    __main                                   0x08000151   Thumb Code     0  entry.o(.ARM.Collect$$$$00000000)
    _main_stk                                0x08000151   Thumb Code     0  entry2.o(.ARM.Collect$$$$00000001)
    _main_scatterload                        0x08000155   Thumb Code     0  entry5.o(.ARM.Collect$$$$00000004)
    __main_after_scatterload                 0x08000159   Thumb Code     0  entry5.o(.ARM.Collect$$$$00000004)
    _main_clock                              0x08000159   Thumb Code     0  entry7b.o(.ARM.Collect$$$$00000008)
    _main_cpp_init                           0x08000159   Thumb Code     0  entry8b.o(.ARM.Collect$$$$0000000A)
    _main_init                               0x08000159   Thumb Code     0  entry9a.o(.ARM.Collect$$$$0000000B)
    __rt_final_cpp                           0x08000161   Thumb Code     0  entry10a.o(.ARM.Collect$$$$0000000D)
    __rt_final_exit                          0x08000161   Thumb Code     0  entry11a.o(.ARM.Collect$$$$0000000F)
    Reset_Handler                            0x08000165   Thumb Code     8  startup_stm32f10x_cl.o(.text)
    ADC1_2_IRQHandler                        0x0800017f   Thumb Code     0  startup_stm32f10x_cl.o(.text)
    CAN1_RX1_IRQHandler                      0x0800017f   Thumb Code     0  startup_stm32f10x_cl.o(.text)
    CAN1_SCE_IRQHandler                      0x0800017f   Thumb Code     0  startup_stm32f10x_cl.o(.text)
    CAN1_TX_IRQHandler                       0x0800017f   Thumb Code     0  startup_stm32f10x_cl.o(.text)
    CAN2_SCE_IRQHandler                      0x0800017f   Thumb Code     0  startup_stm32f10x_cl.o(.text)
    CAN2_TX_IRQHandler                       0x0800017f   Thumb Code     0  startup_stm32f10x_cl.o(.text)
    DMA1_Channel1_IRQHandler                 0x0800017f   Thumb Code     0  startup_stm32f10x_cl.o(.text)
    DMA1_Channel2_IRQHandler                 0x0800017f   Thumb Code     0  startup_stm32f10x_cl.o(.text)
    DMA1_Channel3_IRQHandler                 0x0800017f   Thumb Code     0  startup_stm32f10x_cl.o(.text)
    DMA1_Channel4_IRQHandler                 0x0800017f   Thumb Code     0  startup_stm32f10x_cl.o(.text)
    DMA1_Channel5_IRQHandler                 0x0800017f   Thumb Code     0  startup_stm32f10x_cl.o(.text)
    DMA1_Channel6_IRQHandler                 0x0800017f   Thumb Code     0  startup_stm32f10x_cl.o(.text)
    DMA1_Channel7_IRQHandler                 0x0800017f   Thumb Code     0  startup_stm32f10x_cl.o(.text)
    DMA2_Channel1_IRQHandler                 0x0800017f   Thumb Code     0  startup_stm32f10x_cl.o(.text)
    DMA2_Channel3_IRQHandler                 0x0800017f   Thumb Code     0  startup_stm32f10x_cl.o(.text)
    DMA2_Channel4_IRQHandler                 0x0800017f   Thumb Code     0  startup_stm32f10x_cl.o(.text)
    DMA2_Channel5_IRQHandler                 0x0800017f   Thumb Code     0  startup_stm32f10x_cl.o(.text)
    ETH_IRQHandler                           0x0800017f   Thumb Code     0  startup_stm32f10x_cl.o(.text)
    ETH_WKUP_IRQHandler                      0x0800017f   Thumb Code     0  startup_stm32f10x_cl.o(.text)
    EXTI0_IRQHandler                         0x0800017f   Thumb Code     0  startup_stm32f10x_cl.o(.text)
    EXTI15_10_IRQHandler                     0x0800017f   Thumb Code     0  startup_stm32f10x_cl.o(.text)
    EXTI1_IRQHandler                         0x0800017f   Thumb Code     0  startup_stm32f10x_cl.o(.text)
    EXTI2_IRQHandler                         0x0800017f   Thumb Code     0  startup_stm32f10x_cl.o(.text)
    EXTI3_IRQHandler                         0x0800017f   Thumb Code     0  startup_stm32f10x_cl.o(.text)
    EXTI4_IRQHandler                         0x0800017f   Thumb Code     0  startup_stm32f10x_cl.o(.text)
    EXTI9_5_IRQHandler                       0x0800017f   Thumb Code     0  startup_stm32f10x_cl.o(.text)
    FLASH_IRQHandler                         0x0800017f   Thumb Code     0  startup_stm32f10x_cl.o(.text)
    I2C1_ER_IRQHandler                       0x0800017f   Thumb Code     0  startup_stm32f10x_cl.o(.text)
    I2C1_EV_IRQHandler                       0x0800017f   Thumb Code     0  startup_stm32f10x_cl.o(.text)
    I2C2_ER_IRQHandler                       0x0800017f   Thumb Code     0  startup_stm32f10x_cl.o(.text)
    I2C2_EV_IRQHandler                       0x0800017f   Thumb Code     0  startup_stm32f10x_cl.o(.text)
    OTG_FS_IRQHandler                        0x0800017f   Thumb Code     0  startup_stm32f10x_cl.o(.text)
    OTG_FS_WKUP_IRQHandler                   0x0800017f   Thumb Code     0  startup_stm32f10x_cl.o(.text)
    PVD_IRQHandler                           0x0800017f   Thumb Code     0  startup_stm32f10x_cl.o(.text)
    RCC_IRQHandler                           0x0800017f   Thumb Code     0  startup_stm32f10x_cl.o(.text)
    RTCAlarm_IRQHandler                      0x0800017f   Thumb Code     0  startup_stm32f10x_cl.o(.text)
    RTC_IRQHandler                           0x0800017f   Thumb Code     0  startup_stm32f10x_cl.o(.text)
    SPI1_IRQHandler                          0x0800017f   Thumb Code     0  startup_stm32f10x_cl.o(.text)
    SPI2_IRQHandler                          0x0800017f   Thumb Code     0  startup_stm32f10x_cl.o(.text)
    SPI3_IRQHandler                          0x0800017f   Thumb Code     0  startup_stm32f10x_cl.o(.text)
    TAMPER_IRQHandler                        0x0800017f   Thumb Code     0  startup_stm32f10x_cl.o(.text)
    TIM1_BRK_IRQHandler                      0x0800017f   Thumb Code     0  startup_stm32f10x_cl.o(.text)
    TIM1_CC_IRQHandler                       0x0800017f   Thumb Code     0  startup_stm32f10x_cl.o(.text)
    TIM1_TRG_COM_IRQHandler                  0x0800017f   Thumb Code     0  startup_stm32f10x_cl.o(.text)
    TIM1_UP_IRQHandler                       0x0800017f   Thumb Code     0  startup_stm32f10x_cl.o(.text)
    TIM2_IRQHandler                          0x0800017f   Thumb Code     0  startup_stm32f10x_cl.o(.text)
    TIM3_IRQHandler                          0x0800017f   Thumb Code     0  startup_stm32f10x_cl.o(.text)
    TIM4_IRQHandler                          0x0800017f   Thumb Code     0  startup_stm32f10x_cl.o(.text)
    TIM5_IRQHandler                          0x0800017f   Thumb Code     0  startup_stm32f10x_cl.o(.text)
    TIM6_IRQHandler                          0x0800017f   Thumb Code     0  startup_stm32f10x_cl.o(.text)
    TIM7_IRQHandler                          0x0800017f   Thumb Code     0  startup_stm32f10x_cl.o(.text)
    WWDG_IRQHandler                          0x0800017f   Thumb Code     0  startup_stm32f10x_cl.o(.text)
    __aeabi_memcpy                           0x08000189   Thumb Code    36  memcpya.o(.text)
    __aeabi_memcpy4                          0x08000189   Thumb Code     0  memcpya.o(.text)
    __aeabi_memcpy8                          0x08000189   Thumb Code     0  memcpya.o(.text)
    __aeabi_fadd                             0x080001ad   Thumb Code   164  fadd.o(.text)
    __aeabi_fsub                             0x08000251   Thumb Code     6  fadd.o(.text)
    __aeabi_frsub                            0x08000257   Thumb Code     6  fadd.o(.text)
    __aeabi_fmul                             0x0800025d   Thumb Code   100  fmul.o(.text)
    __aeabi_dadd                             0x080002c1   Thumb Code   322  dadd.o(.text)
    __aeabi_dsub                             0x08000403   Thumb Code     6  dadd.o(.text)
    __aeabi_drsub                            0x08000409   Thumb Code     6  dadd.o(.text)
    __aeabi_dmul                             0x0800040f   Thumb Code   228  dmul.o(.text)
    __aeabi_i2f                              0x080004f3   Thumb Code    18  fflti.o(.text)
    __aeabi_ui2f                             0x08000505   Thumb Code    10  ffltui.o(.text)
    __aeabi_i2d                              0x0800050f   Thumb Code    34  dflti.o(.text)
    __aeabi_f2iz                             0x08000531   Thumb Code    50  ffixi.o(.text)
    __aeabi_f2d                              0x08000563   Thumb Code    38  f2d.o(.text)
    __aeabi_d2f                              0x08000589   Thumb Code    56  d2f.o(.text)
    __aeabi_cfcmpeq                          0x080005c1   Thumb Code     0  cfcmple.o(.text)
    __aeabi_cfcmple                          0x080005c1   Thumb Code    20  cfcmple.o(.text)
    __aeabi_cfrcmple                         0x080005d5   Thumb Code    20  cfrcmple.o(.text)
    __aeabi_llsl                             0x080005e9   Thumb Code    30  llshl.o(.text)
    _ll_shift_l                              0x080005e9   Thumb Code     0  llshl.o(.text)
    __aeabi_lasr                             0x08000607   Thumb Code    36  llsshr.o(.text)
    _ll_sshift_r                             0x08000607   Thumb Code     0  llsshr.o(.text)
    __I$use$fp                               0x0800062b   Thumb Code     0  iusefp.o(.text)
    _float_round                             0x0800062b   Thumb Code    18  fepilogue.o(.text)
    _float_epilogue                          0x0800063d   Thumb Code    92  fepilogue.o(.text)
    _double_round                            0x08000699   Thumb Code    30  depilogue.o(.text)
    _double_epilogue                         0x080006b7   Thumb Code   156  depilogue.o(.text)
    __scatterload                            0x08000755   Thumb Code    28  init.o(.text)
    __scatterload_rt2                        0x08000755   Thumb Code     0  init.o(.text)
    __aeabi_llsr                             0x08000779   Thumb Code    32  llushr.o(.text)
    _ll_ushift_r                             0x08000779   Thumb Code     0  llushr.o(.text)
    BusFault_Handler                         0x08000799   Thumb Code     4  stm32f10x_it.o(i.BusFault_Handler)
    CAN1_Config                              0x0800079d   Thumb Code   250  drv_can.o(i.CAN1_Config)
    CAN1_RX0_IRQHandler                      0x080008a1   Thumb Code    32  stm32f10x_it.o(i.CAN1_RX0_IRQHandler)
    CAN2_Config                              0x080008c5   Thumb Code   244  drv_can.o(i.CAN2_Config)
    CAN2_RX0_IRQHandler                      0x080009c1   Thumb Code    36  stm32f10x_it.o(i.CAN2_RX0_IRQHandler)
    CAN2_RX1_IRQHandler                      0x080009e9   Thumb Code    26  stm32f10x_it.o(i.CAN2_RX1_IRQHandler)
    CAN_ClearITPendingBit                    0x08000a09   Thumb Code   162  stm32f10x_can.o(i.CAN_ClearITPendingBit)
    CAN_Config                               0x08000ab1   Thumb Code    44  drv_can.o(i.CAN_Config)
    CAN_DeInit                               0x08000ae5   Thumb Code    50  stm32f10x_can.o(i.CAN_DeInit)
    CAN_FilterInit                           0x08000b1d   Thumb Code   258  stm32f10x_can.o(i.CAN_FilterInit)
    CAN_GetITStatus                          0x08000c25   Thumb Code   284  stm32f10x_can.o(i.CAN_GetITStatus)
    CAN_ITConfig                             0x08000d45   Thumb Code    18  stm32f10x_can.o(i.CAN_ITConfig)
    CAN_Init                                 0x08000d57   Thumb Code   276  stm32f10x_can.o(i.CAN_Init)
    CAN_Receive                              0x08000e6b   Thumb Code   240  stm32f10x_can.o(i.CAN_Receive)
    CAN_SendData                             0x08000f5d   Thumb Code   128  drv_can.o(i.CAN_SendData)
    CAN_StructInit                           0x08000fe5   Thumb Code    32  stm32f10x_can.o(i.CAN_StructInit)
    CAN_Transmit                             0x08001005   Thumb Code   294  stm32f10x_can.o(i.CAN_Transmit)
    Can1Receive_Hook                         0x0800112d   Thumb Code    64  drv_can.o(i.Can1Receive_Hook)
    Can2Receive_Hook                         0x08001171   Thumb Code    74  drv_can.o(i.Can2Receive_Hook)
    DMA2_Channel2_IRQHandler                 0x080011d5   Thumb Code    20  stm32f10x_it.o(i.DMA2_Channel2_IRQHandler)
    DMA_ClearITPendingBit                    0x080011ed   Thumb Code    18  stm32f10x_dma.o(i.DMA_ClearITPendingBit)
    DMA_Cmd                                  0x08001209   Thumb Code    24  stm32f10x_dma.o(i.DMA_Cmd)
    DMA_Config                               0x08001221   Thumb Code    74  drv_dma.o(i.DMA_Config)
    DMA_DeInit                               0x0800126d   Thumb Code   324  stm32f10x_dma.o(i.DMA_DeInit)
    DMA_GetCurrDataCounter                   0x080013b9   Thumb Code     8  stm32f10x_dma.o(i.DMA_GetCurrDataCounter)
    DMA_GetFlagStatus                        0x080013c1   Thumb Code    36  stm32f10x_dma.o(i.DMA_GetFlagStatus)
    DMA_Init                                 0x080013ed   Thumb Code    60  stm32f10x_dma.o(i.DMA_Init)
    DMA_SetCurrDataCounter                   0x08001429   Thumb Code     4  stm32f10x_dma.o(i.DMA_SetCurrDataCounter)
    DebugMon_Handler                         0x0800142d   Thumb Code     2  stm32f10x_it.o(i.DebugMon_Handler)
    GPIO_Init                                0x0800142f   Thumb Code   278  stm32f10x_gpio.o(i.GPIO_Init)
    GPIO_PinRemapConfig                      0x08001545   Thumb Code   138  stm32f10x_gpio.o(i.GPIO_PinRemapConfig)
    Get_ZeroCheck_Value_Interface            0x080015d5   Thumb Code    16  zerocheck.o(i.Get_ZeroCheck_Value_Interface)
    HardFault_Handler                        0x080015e5   Thumb Code     4  stm32f10x_it.o(i.HardFault_Handler)
    MemManage_Handler                        0x080015e9   Thumb Code     4  stm32f10x_it.o(i.MemManage_Handler)
    NMI_Handler                              0x080015ed   Thumb Code     2  stm32f10x_it.o(i.NMI_Handler)
    NVIC_Config                              0x080015ef   Thumb Code    34  drv_nvic.o(i.NVIC_Config)
    NVIC_Init                                0x08001611   Thumb Code   100  misc.o(i.NVIC_Init)
    PendSV_Handler                           0x08001681   Thumb Code     2  stm32f10x_it.o(i.PendSV_Handler)
    RCC_AHBPeriphClockCmd                    0x08001685   Thumb Code    26  stm32f10x_rcc.o(i.RCC_AHBPeriphClockCmd)
    RCC_APB1PeriphClockCmd                   0x080016a5   Thumb Code    26  stm32f10x_rcc.o(i.RCC_APB1PeriphClockCmd)
    RCC_APB1PeriphResetCmd                   0x080016c5   Thumb Code    26  stm32f10x_rcc.o(i.RCC_APB1PeriphResetCmd)
    RCC_APB2PeriphClockCmd                   0x080016e5   Thumb Code    26  stm32f10x_rcc.o(i.RCC_APB2PeriphClockCmd)
    RCC_GetClocksFreq                        0x08001705   Thumb Code   374  stm32f10x_rcc.o(i.RCC_GetClocksFreq)
    RM6623_control                           0x08001891   Thumb Code   164  motor.o(i.RM6623_control)
    RemoteReceive                            0x08001935   Thumb Code   548  dbus.o(i.RemoteReceive)
    SVC_Handler                              0x08001b61   Thumb Code     2  stm32f10x_it.o(i.SVC_Handler)
    SysTick_Handler                          0x08001c51   Thumb Code     8  main.o(i.SysTick_Handler)
    SystemInit                               0x08001c59   Thumb Code    68  system_stm32f10x.o(i.SystemInit)
    TIM_ARRPreloadConfig                     0x08001ca9   Thumb Code    24  stm32f10x_tim.o(i.TIM_ARRPreloadConfig)
    TIM_BASE_Config                          0x08001cc1   Thumb Code    42  drv_tim.o(i.TIM_BASE_Config)
    TIM_Cmd                                  0x08001ceb   Thumb Code    24  stm32f10x_tim.o(i.TIM_Cmd)
    TIM_Config                               0x08001d05   Thumb Code   252  drv_tim.o(i.TIM_Config)
    TIM_CtrlPWMOutputs                       0x08001e15   Thumb Code    30  stm32f10x_tim.o(i.TIM_CtrlPWMOutputs)
    TIM_DMACmd                               0x08001e33   Thumb Code    18  stm32f10x_tim.o(i.TIM_DMACmd)
    TIM_DMAConfig                            0x08001e45   Thumb Code    10  stm32f10x_tim.o(i.TIM_DMAConfig)
    TIM_GPIO_Config                          0x08001e4f   Thumb Code   142  drv_tim.o(i.TIM_GPIO_Config)
    TIM_OC1Init                              0x08001edd   Thumb Code   132  stm32f10x_tim.o(i.TIM_OC1Init)
    TIM_OC1PreloadConfig                     0x08001f75   Thumb Code    18  stm32f10x_tim.o(i.TIM_OC1PreloadConfig)
    TIM_OC2Init                              0x08001f89   Thumb Code   154  stm32f10x_tim.o(i.TIM_OC2Init)
    TIM_OC2PreloadConfig                     0x0800202d   Thumb Code    26  stm32f10x_tim.o(i.TIM_OC2PreloadConfig)
    TIM_OC_Config                            0x08002047   Thumb Code    32  drv_tim.o(i.TIM_OC_Config)
    TIM_TimeBaseInit                         0x08002069   Thumb Code   122  stm32f10x_tim.o(i.TIM_TimeBaseInit)
    UART4_IRQHandler                         0x0800210d   Thumb Code    24  stm32f10x_it.o(i.UART4_IRQHandler)
    UART5_IRQHandler                         0x08002129   Thumb Code    24  stm32f10x_it.o(i.UART5_IRQHandler)
    UART_Config                              0x08002145   Thumb Code    46  drv_usart.o(i.UART_Config)
    UART_GPIO_RX_Config                      0x08002173   Thumb Code    30  drv_usart.o(i.UART_GPIO_RX_Config)
    UART_GPIO_TX_Config                      0x08002191   Thumb Code    30  drv_usart.o(i.UART_GPIO_TX_Config)
    USART1_IRQHandler                        0x080021b1   Thumb Code    24  stm32f10x_it.o(i.USART1_IRQHandler)
    USART2_IRQHandler                        0x080021cd   Thumb Code    24  stm32f10x_it.o(i.USART2_IRQHandler)
    USART3_IRQHandler                        0x080021e9   Thumb Code    68  stm32f10x_it.o(i.USART3_IRQHandler)
    USART_ClearITPendingBit                  0x08002239   Thumb Code    30  stm32f10x_usart.o(i.USART_ClearITPendingBit)
    USART_Cmd                                0x08002257   Thumb Code    24  stm32f10x_usart.o(i.USART_Cmd)
    USART_Config                             0x08002271   Thumb Code   604  drv_usart.o(i.USART_Config)
    USART_DMACmd                             0x08002521   Thumb Code    18  stm32f10x_usart.o(i.USART_DMACmd)
    USART_GetITStatus                        0x08002533   Thumb Code    84  stm32f10x_usart.o(i.USART_GetITStatus)
    USART_ITConfig                           0x08002587   Thumb Code    74  stm32f10x_usart.o(i.USART_ITConfig)
    USART_Init                               0x080025d1   Thumb Code   210  stm32f10x_usart.o(i.USART_Init)
    UsageFault_Handler                       0x080026a9   Thumb Code     4  stm32f10x_it.o(i.UsageFault_Handler)
    ZeroCheck_Init_Interface                 0x080026ad   Thumb Code    14  zerocheck.o(i.ZeroCheck_Init_Interface)
    ZeroCheck_cal                            0x080026bd   Thumb Code   120  zerocheck.o(i.ZeroCheck_cal)
    __scatterload_copy                       0x0800273d   Thumb Code    14  handlers.o(i.__scatterload_copy)
    __scatterload_null                       0x0800274b   Thumb Code     2  handlers.o(i.__scatterload_null)
    __scatterload_zeroinit                   0x0800274d   Thumb Code    14  handlers.o(i.__scatterload_zeroinit)
    abs_limit                                0x0800275b   Thumb Code    40  pid.o(i.abs_limit)
    droneConfig                              0x08002785   Thumb Code   104  main.o(i.droneConfig)
    droneInit                                0x080027fd   Thumb Code     8  main.o(i.droneInit)
    getCan1Msg                               0x08002805   Thumb Code    10  drv_can.o(i.getCan1Msg)
    getPitchAngle                            0x08002815   Thumb Code     6  imu.o(i.getPitchAngle)
    getPitchSpeed                            0x08002821   Thumb Code     6  imu.o(i.getPitchSpeed)
    getRCData                                0x0800282d   Thumb Code    16  dbus.o(i.getRCData)
    getYawAngle                              0x08002841   Thumb Code     6  imu.o(i.getYawAngle)
    getYawSpeed                              0x0800284d   Thumb Code     6  imu.o(i.getYawSpeed)
    gimbal_init                              0x08002859   Thumb Code   152  gimbal.o(i.gimbal_init)
    gimbal_tast                              0x08002925   Thumb Code   308  gimbal.o(i.gimbal_tast)
    imuDiscode                               0x08002a75   Thumb Code    38  imu.o(i.imuDiscode)
    main                                     0x08002aa1   Thumb Code    12  main.o(i.main)
    modules_init                             0x08002aad   Thumb Code    12  modules.o(i.modules_init)
    modules_task                             0x08002ab9   Thumb Code    16  modules.o(i.modules_task)
    motor_PID_cal                            0x08002ac9   Thumb Code    90  motor.o(i.motor_PID_cal)
    pid_calc                                 0x08002b23   Thumb Code   136  pid.o(i.pid_calc)
    setDshotValue                            0x08002bad   Thumb Code   216  dshot.o(i.setDshotValue)
    shoot_init                               0x08002c8d   Thumb Code    10  shoot.o(i.shoot_init)
    shoot_task                               0x08002c99   Thumb Code    52  shoot.o(i.shoot_task)
    Region$$Table$$Base                      0x08002cd0   Number         0  anon$$obj.o(Region$$Table)
    Region$$Table$$Limit                     0x08002cf0   Number         0  anon$$obj.o(Region$$Table)
    temp_1                                   0x20000000   Data           2  stm32f10x_it.o(.data)
    uart1_RxBuffer                           0x20000008   Data           8  drv_usart.o(.data)
    uart1_TxBuffer                           0x20000010   Data           8  drv_usart.o(.data)
    uart2_RxBuffer                           0x20000018   Data           8  drv_usart.o(.data)
    uart2_TxBuffer                           0x20000020   Data           8  drv_usart.o(.data)
    gimbal_delay                             0x2000003c   Data           2  gimbal.o(.data)
    initYawAngle                             0x20000040   Data           4  gimbal.o(.data)
    shoot_delay                              0x20000044   Data           2  shoot.o(.data)
    shoot_speed                              0x20000046   Data           2  shoot.o(.data)
    rcc                                      0x20000048   Data          20  main.o(.bss)
    hcan1                                    0x2000005c   Data          56  drv_can.o(.bss)
    hcan2                                    0x20000094   Data          56  drv_can.o(.bss)
    Can1ReceiveBuffer                        0x200000cc   Data          40  drv_can.o(.bss)
    htim1                                    0x200000f4   Data          60  drv_tim.o(.bss)
    htim2                                    0x20000130   Data          60  drv_tim.o(.bss)
    htim3                                    0x2000016c   Data          60  drv_tim.o(.bss)
    htim4                                    0x200001a8   Data          60  drv_tim.o(.bss)
    htim5                                    0x200001e4   Data          60  drv_tim.o(.bss)
    huart1                                   0x20000220   Data          28  drv_usart.o(.bss)
    huart2                                   0x2000023c   Data          28  drv_usart.o(.bss)
    huart3                                   0x20000258   Data          28  drv_usart.o(.bss)
    huart4                                   0x20000274   Data          28  drv_usart.o(.bss)
    huart5                                   0x20000290   Data          28  drv_usart.o(.bss)
    uart3_RxBuffer                           0x200002ac   Data          18  drv_usart.o(.bss)
    dshotBuffer                              0x200002c0   Data          36  dshot.o(.bss)
    ESC_CMD                                  0x200002e4   Data         144  dshot.o(.bss)
    BIT                                      0x20000374   Data          16  dshot.o(.bss)
    RC_Ctl                                   0x20000384   Data          56  dbus.o(.bss)
    imu                                      0x200003bc   Data          24  imu.o(.bss)
    pitch                                    0x200003d4   Data         228  gimbal.o(.bss)
    yaw                                      0x200004b8   Data         228  gimbal.o(.bss)
    __initial_sp                             0x200009a0   Data           0  startup_stm32f10x_cl.o(STACK)



==============================================================================

Memory Map of the image

  Image Entry point : 0x08000151

  Load Region LR_IROM1 (Base: 0x08000000, Size: 0x00002d38, Max: 0x00020000, ABSOLUTE)

    Execution Region ER_IROM1 (Exec base: 0x08000000, Load base: 0x08000000, Size: 0x00002cf0, Max: 0x00020000, ABSOLUTE)

    Exec Addr    Load Addr    Size         Type   Attr      Idx    E Section Name        Object

    0x08000000   0x08000000   0x00000150   Data   RO            3    RESET               startup_stm32f10x_cl.o
    0x08000150   0x08000150   0x00000000   Code   RO         2290  * .ARM.Collect$$$$00000000  mc_w.l(entry.o)
    0x08000150   0x08000150   0x00000004   Code   RO         2321    .ARM.Collect$$$$00000001  mc_w.l(entry2.o)
    0x08000154   0x08000154   0x00000004   Code   RO         2324    .ARM.Collect$$$$00000004  mc_w.l(entry5.o)
    0x08000158   0x08000158   0x00000000   Code   RO         2326    .ARM.Collect$$$$00000008  mc_w.l(entry7b.o)
    0x08000158   0x08000158   0x00000000   Code   RO         2328    .ARM.Collect$$$$0000000A  mc_w.l(entry8b.o)
    0x08000158   0x08000158   0x00000008   Code   RO         2329    .ARM.Collect$$$$0000000B  mc_w.l(entry9a.o)
    0x08000160   0x08000160   0x00000000   Code   RO         2331    .ARM.Collect$$$$0000000D  mc_w.l(entry10a.o)
    0x08000160   0x08000160   0x00000000   Code   RO         2333    .ARM.Collect$$$$0000000F  mc_w.l(entry11a.o)
    0x08000160   0x08000160   0x00000004   Code   RO         2322    .ARM.Collect$$$$00002712  mc_w.l(entry2.o)
    0x08000164   0x08000164   0x00000024   Code   RO            4    .text               startup_stm32f10x_cl.o
    0x08000188   0x08000188   0x00000024   Code   RO         2293    .text               mc_w.l(memcpya.o)
    0x080001ac   0x080001ac   0x000000b0   Code   RO         2297    .text               mf_w.l(fadd.o)
    0x0800025c   0x0800025c   0x00000064   Code   RO         2299    .text               mf_w.l(fmul.o)
    0x080002c0   0x080002c0   0x0000014e   Code   RO         2301    .text               mf_w.l(dadd.o)
    0x0800040e   0x0800040e   0x000000e4   Code   RO         2303    .text               mf_w.l(dmul.o)
    0x080004f2   0x080004f2   0x00000012   Code   RO         2305    .text               mf_w.l(fflti.o)
    0x08000504   0x08000504   0x0000000a   Code   RO         2307    .text               mf_w.l(ffltui.o)
    0x0800050e   0x0800050e   0x00000022   Code   RO         2309    .text               mf_w.l(dflti.o)
    0x08000530   0x08000530   0x00000032   Code   RO         2311    .text               mf_w.l(ffixi.o)
    0x08000562   0x08000562   0x00000026   Code   RO         2313    .text               mf_w.l(f2d.o)
    0x08000588   0x08000588   0x00000038   Code   RO         2315    .text               mf_w.l(d2f.o)
    0x080005c0   0x080005c0   0x00000014   Code   RO         2317    .text               mf_w.l(cfcmple.o)
    0x080005d4   0x080005d4   0x00000014   Code   RO         2319    .text               mf_w.l(cfrcmple.o)
    0x080005e8   0x080005e8   0x0000001e   Code   RO         2335    .text               mc_w.l(llshl.o)
    0x08000606   0x08000606   0x00000024   Code   RO         2337    .text               mc_w.l(llsshr.o)
    0x0800062a   0x0800062a   0x00000000   Code   RO         2339    .text               mc_w.l(iusefp.o)
    0x0800062a   0x0800062a   0x0000006e   Code   RO         2340    .text               mf_w.l(fepilogue.o)
    0x08000698   0x08000698   0x000000ba   Code   RO         2342    .text               mf_w.l(depilogue.o)
    0x08000752   0x08000752   0x00000002   PAD
    0x08000754   0x08000754   0x00000024   Code   RO         2344    .text               mc_w.l(init.o)
    0x08000778   0x08000778   0x00000020   Code   RO         2346    .text               mc_w.l(llushr.o)
    0x08000798   0x08000798   0x00000004   Code   RO          112    i.BusFault_Handler  stm32f10x_it.o
    0x0800079c   0x0800079c   0x00000104   Code   RO          252    i.CAN1_Config       drv_can.o
    0x080008a0   0x080008a0   0x00000024   Code   RO          113    i.CAN1_RX0_IRQHandler  stm32f10x_it.o
    0x080008c4   0x080008c4   0x000000fc   Code   RO          253    i.CAN2_Config       drv_can.o
    0x080009c0   0x080009c0   0x00000028   Code   RO          114    i.CAN2_RX0_IRQHandler  stm32f10x_it.o
    0x080009e8   0x080009e8   0x00000020   Code   RO          115    i.CAN2_RX1_IRQHandler  stm32f10x_it.o
    0x08000a08   0x08000a08   0x000000a8   Code   RO          847    i.CAN_ClearITPendingBit  stm32f10x_can.o
    0x08000ab0   0x08000ab0   0x00000034   Code   RO          254    i.CAN_Config        drv_can.o
    0x08000ae4   0x08000ae4   0x00000038   Code   RO          849    i.CAN_DeInit        stm32f10x_can.o
    0x08000b1c   0x08000b1c   0x00000108   Code   RO          851    i.CAN_FilterInit    stm32f10x_can.o
    0x08000c24   0x08000c24   0x00000120   Code   RO          853    i.CAN_GetITStatus   stm32f10x_can.o
    0x08000d44   0x08000d44   0x00000012   Code   RO          857    i.CAN_ITConfig      stm32f10x_can.o
    0x08000d56   0x08000d56   0x00000114   Code   RO          858    i.CAN_Init          stm32f10x_can.o
    0x08000e6a   0x08000e6a   0x000000f0   Code   RO          861    i.CAN_Receive       stm32f10x_can.o
    0x08000f5a   0x08000f5a   0x00000002   PAD
    0x08000f5c   0x08000f5c   0x00000088   Code   RO          255    i.CAN_SendData      drv_can.o
    0x08000fe4   0x08000fe4   0x00000020   Code   RO          864    i.CAN_StructInit    stm32f10x_can.o
    0x08001004   0x08001004   0x00000126   Code   RO          866    i.CAN_Transmit      stm32f10x_can.o
    0x0800112a   0x0800112a   0x00000002   PAD
    0x0800112c   0x0800112c   0x00000044   Code   RO          256    i.Can1Receive_Hook  drv_can.o
    0x08001170   0x08001170   0x00000050   Code   RO          257    i.Can2Receive_Hook  drv_can.o
    0x080011c0   0x080011c0   0x00000012   Code   RO          869    i.CheckITStatus     stm32f10x_can.o
    0x080011d2   0x080011d2   0x00000002   PAD
    0x080011d4   0x080011d4   0x00000018   Code   RO          116    i.DMA2_Channel2_IRQHandler  stm32f10x_it.o
    0x080011ec   0x080011ec   0x0000001c   Code   RO         1606    i.DMA_ClearITPendingBit  stm32f10x_dma.o
    0x08001208   0x08001208   0x00000018   Code   RO         1607    i.DMA_Cmd           stm32f10x_dma.o
    0x08001220   0x08001220   0x0000004a   Code   RO          309    i.DMA_Config        drv_dma.o
    0x0800126a   0x0800126a   0x00000002   PAD
    0x0800126c   0x0800126c   0x0000014c   Code   RO         1608    i.DMA_DeInit        stm32f10x_dma.o
    0x080013b8   0x080013b8   0x00000008   Code   RO         1609    i.DMA_GetCurrDataCounter  stm32f10x_dma.o
    0x080013c0   0x080013c0   0x0000002c   Code   RO         1610    i.DMA_GetFlagStatus  stm32f10x_dma.o
    0x080013ec   0x080013ec   0x0000003c   Code   RO         1613    i.DMA_Init          stm32f10x_dma.o
    0x08001428   0x08001428   0x00000004   Code   RO         1614    i.DMA_SetCurrDataCounter  stm32f10x_dma.o
    0x0800142c   0x0800142c   0x00000002   Code   RO          117    i.DebugMon_Handler  stm32f10x_it.o
    0x0800142e   0x0800142e   0x00000116   Code   RO          737    i.GPIO_Init         stm32f10x_gpio.o
    0x08001544   0x08001544   0x00000090   Code   RO          739    i.GPIO_PinRemapConfig  stm32f10x_gpio.o
    0x080015d4   0x080015d4   0x00000010   Code   RO         2167    i.Get_ZeroCheck_Value_Interface  zerocheck.o
    0x080015e4   0x080015e4   0x00000004   Code   RO          118    i.HardFault_Handler  stm32f10x_it.o
    0x080015e8   0x080015e8   0x00000004   Code   RO          119    i.MemManage_Handler  stm32f10x_it.o
    0x080015ec   0x080015ec   0x00000002   Code   RO          120    i.NMI_Handler       stm32f10x_it.o
    0x080015ee   0x080015ee   0x00000022   Code   RO          426    i.NVIC_Config       drv_nvic.o
    0x08001610   0x08001610   0x00000070   Code   RO          441    i.NVIC_Init         misc.o
    0x08001680   0x08001680   0x00000002   Code   RO          121    i.PendSV_Handler    stm32f10x_it.o
    0x08001682   0x08001682   0x00000002   PAD
    0x08001684   0x08001684   0x00000020   Code   RO          478    i.RCC_AHBPeriphClockCmd  stm32f10x_rcc.o
    0x080016a4   0x080016a4   0x00000020   Code   RO          480    i.RCC_APB1PeriphClockCmd  stm32f10x_rcc.o
    0x080016c4   0x080016c4   0x00000020   Code   RO          481    i.RCC_APB1PeriphResetCmd  stm32f10x_rcc.o
    0x080016e4   0x080016e4   0x00000020   Code   RO          482    i.RCC_APB2PeriphClockCmd  stm32f10x_rcc.o
    0x08001704   0x08001704   0x0000018c   Code   RO          490    i.RCC_GetClocksFreq  stm32f10x_rcc.o
    0x08001890   0x08001890   0x000000a4   Code   RO         1983    i.RM6623_control    motor.o
    0x08001934   0x08001934   0x0000022c   Code   RO         1950    i.RemoteReceive     dbus.o
    0x08001b60   0x08001b60   0x00000002   Code   RO          122    i.SVC_Handler       stm32f10x_it.o
    0x08001b62   0x08001b62   0x00000008   Code   RO         1867    i.SetSysClock       system_stm32f10x.o
    0x08001b6a   0x08001b6a   0x00000002   PAD
    0x08001b6c   0x08001b6c   0x000000e4   Code   RO         1868    i.SetSysClockTo72   system_stm32f10x.o
    0x08001c50   0x08001c50   0x00000008   Code   RO           10    i.SysTick_Handler   main.o
    0x08001c58   0x08001c58   0x00000050   Code   RO         1869    i.SystemInit        system_stm32f10x.o
    0x08001ca8   0x08001ca8   0x00000018   Code   RO         1004    i.TIM_ARRPreloadConfig  stm32f10x_tim.o
    0x08001cc0   0x08001cc0   0x0000002a   Code   RO          327    i.TIM_BASE_Config   drv_tim.o
    0x08001cea   0x08001cea   0x00000018   Code   RO         1016    i.TIM_Cmd           stm32f10x_tim.o
    0x08001d02   0x08001d02   0x00000002   PAD
    0x08001d04   0x08001d04   0x00000110   Code   RO          328    i.TIM_Config        drv_tim.o
    0x08001e14   0x08001e14   0x0000001e   Code   RO         1018    i.TIM_CtrlPWMOutputs  stm32f10x_tim.o
    0x08001e32   0x08001e32   0x00000012   Code   RO         1019    i.TIM_DMACmd        stm32f10x_tim.o
    0x08001e44   0x08001e44   0x0000000a   Code   RO         1020    i.TIM_DMAConfig     stm32f10x_tim.o
    0x08001e4e   0x08001e4e   0x0000008e   Code   RO          329    i.TIM_GPIO_Config   drv_tim.o
    0x08001edc   0x08001edc   0x00000098   Code   RO         1045    i.TIM_OC1Init       stm32f10x_tim.o
    0x08001f74   0x08001f74   0x00000012   Code   RO         1048    i.TIM_OC1PreloadConfig  stm32f10x_tim.o
    0x08001f86   0x08001f86   0x00000002   PAD
    0x08001f88   0x08001f88   0x000000a4   Code   RO         1050    i.TIM_OC2Init       stm32f10x_tim.o
    0x0800202c   0x0800202c   0x0000001a   Code   RO         1053    i.TIM_OC2PreloadConfig  stm32f10x_tim.o
    0x08002046   0x08002046   0x00000020   Code   RO          331    i.TIM_OC_Config     drv_tim.o
    0x08002066   0x08002066   0x00000002   PAD
    0x08002068   0x08002068   0x000000a4   Code   RO         1087    i.TIM_TimeBaseInit  stm32f10x_tim.o
    0x0800210c   0x0800210c   0x0000001c   Code   RO          123    i.UART4_IRQHandler  stm32f10x_it.o
    0x08002128   0x08002128   0x0000001c   Code   RO          124    i.UART5_IRQHandler  stm32f10x_it.o
    0x08002144   0x08002144   0x0000002e   Code   RO          392    i.UART_Config       drv_usart.o
    0x08002172   0x08002172   0x0000001e   Code   RO          393    i.UART_GPIO_RX_Config  drv_usart.o
    0x08002190   0x08002190   0x0000001e   Code   RO          394    i.UART_GPIO_TX_Config  drv_usart.o
    0x080021ae   0x080021ae   0x00000002   PAD
    0x080021b0   0x080021b0   0x0000001c   Code   RO          125    i.USART1_IRQHandler  stm32f10x_it.o
    0x080021cc   0x080021cc   0x0000001c   Code   RO          126    i.USART2_IRQHandler  stm32f10x_it.o
    0x080021e8   0x080021e8   0x00000050   Code   RO          127    i.USART3_IRQHandler  stm32f10x_it.o
    0x08002238   0x08002238   0x0000001e   Code   RO         1678    i.USART_ClearITPendingBit  stm32f10x_usart.o
    0x08002256   0x08002256   0x00000018   Code   RO         1681    i.USART_Cmd         stm32f10x_usart.o
    0x0800226e   0x0800226e   0x00000002   PAD
    0x08002270   0x08002270   0x000002b0   Code   RO          395    i.USART_Config      drv_usart.o
    0x08002520   0x08002520   0x00000012   Code   RO         1682    i.USART_DMACmd      stm32f10x_usart.o
    0x08002532   0x08002532   0x00000054   Code   RO         1685    i.USART_GetITStatus  stm32f10x_usart.o
    0x08002586   0x08002586   0x0000004a   Code   RO         1687    i.USART_ITConfig    stm32f10x_usart.o
    0x080025d0   0x080025d0   0x000000d8   Code   RO         1688    i.USART_Init        stm32f10x_usart.o
    0x080026a8   0x080026a8   0x00000004   Code   RO          128    i.UsageFault_Handler  stm32f10x_it.o
    0x080026ac   0x080026ac   0x0000000e   Code   RO         2169    i.ZeroCheck_Init_Interface  zerocheck.o
    0x080026ba   0x080026ba   0x00000002   PAD
    0x080026bc   0x080026bc   0x00000080   Code   RO         2170    i.ZeroCheck_cal     zerocheck.o
    0x0800273c   0x0800273c   0x0000000e   Code   RO         2350    i.__scatterload_copy  mc_w.l(handlers.o)
    0x0800274a   0x0800274a   0x00000002   Code   RO         2351    i.__scatterload_null  mc_w.l(handlers.o)
    0x0800274c   0x0800274c   0x0000000e   Code   RO         2352    i.__scatterload_zeroinit  mc_w.l(handlers.o)
    0x0800275a   0x0800275a   0x00000028   Code   RO         2127    i.abs_limit         pid.o
    0x08002782   0x08002782   0x00000002   PAD
    0x08002784   0x08002784   0x00000078   Code   RO           11    i.droneConfig       main.o
    0x080027fc   0x080027fc   0x00000008   Code   RO           12    i.droneInit         main.o
    0x08002804   0x08002804   0x00000010   Code   RO          258    i.getCan1Msg        drv_can.o
    0x08002814   0x08002814   0x0000000c   Code   RO         2032    i.getPitchAngle     imu.o
    0x08002820   0x08002820   0x0000000c   Code   RO         2033    i.getPitchSpeed     imu.o
    0x0800282c   0x0800282c   0x00000014   Code   RO         1951    i.getRCData         dbus.o
    0x08002840   0x08002840   0x0000000c   Code   RO         2034    i.getYawAngle       imu.o
    0x0800284c   0x0800284c   0x0000000c   Code   RO         2035    i.getYawSpeed       imu.o
    0x08002858   0x08002858   0x000000cc   Code   RO         2200    i.gimbal_init       gimbal.o
    0x08002924   0x08002924   0x00000150   Code   RO         2201    i.gimbal_tast       gimbal.o
    0x08002a74   0x08002a74   0x0000002c   Code   RO         2036    i.imuDiscode        imu.o
    0x08002aa0   0x08002aa0   0x0000000c   Code   RO           13    i.main              main.o
    0x08002aac   0x08002aac   0x0000000c   Code   RO         2269    i.modules_init      modules.o
    0x08002ab8   0x08002ab8   0x00000010   Code   RO         2270    i.modules_task      modules.o
    0x08002ac8   0x08002ac8   0x0000005a   Code   RO         1984    i.motor_PID_cal     motor.o
    0x08002b22   0x08002b22   0x00000088   Code   RO         2128    i.pid_calc          pid.o
    0x08002baa   0x08002baa   0x00000002   PAD
    0x08002bac   0x08002bac   0x000000e0   Code   RO         1895    i.setDshotValue     dshot.o
    0x08002c8c   0x08002c8c   0x0000000a   Code   RO         2244    i.shoot_init        shoot.o
    0x08002c96   0x08002c96   0x00000002   PAD
    0x08002c98   0x08002c98   0x00000038   Code   RO         2245    i.shoot_task        shoot.o
    0x08002cd0   0x08002cd0   0x00000020   Data   RO         2348    Region$$Table       anon$$obj.o


    Execution Region RW_IRAM1 (Exec base: 0x20000000, Load base: 0x08002cf0, Size: 0x000009a0, Max: 0x00010000, ABSOLUTE)

    Exec Addr    Load Addr    Size         Type   Attr      Idx    E Section Name        Object

    0x20000000   0x08002cf0   0x00000008   Data   RW          130    .data               stm32f10x_it.o
    0x20000008   0x08002cf8   0x00000020   Data   RW          397    .data               drv_usart.o
    0x20000028   0x08002d18   0x00000014   Data   RW          518    .data               stm32f10x_rcc.o
    0x2000003c   0x08002d2c   0x00000008   Data   RW         2203    .data               gimbal.o
    0x20000044   0x08002d34   0x00000004   Data   RW         2247    .data               shoot.o
    0x20000048        -       0x00000014   Zero   RW           14    .bss                main.o
    0x2000005c        -       0x00000098   Zero   RW          259    .bss                drv_can.o
    0x200000f4        -       0x0000012c   Zero   RW          334    .bss                drv_tim.o
    0x20000220        -       0x0000009e   Zero   RW          396    .bss                drv_usart.o
    0x200002be   0x08002d38   0x00000002   PAD
    0x200002c0        -       0x000000c4   Zero   RW         1896    .bss                dshot.o
    0x20000384        -       0x00000038   Zero   RW         1953    .bss                dbus.o
    0x200003bc        -       0x00000018   Zero   RW         2037    .bss                imu.o
    0x200003d4        -       0x000001c8   Zero   RW         2202    .bss                gimbal.o
    0x2000059c   0x08002d38   0x00000004   PAD
    0x200005a0        -       0x00000400   Zero   RW            1    STACK               startup_stm32f10x_cl.o


==============================================================================

Image component sizes


      Code (inc. data)   RO Data    RW Data    ZI Data      Debug   Object Name

       576         12          0          0         56       2258   dbus.o
       864         50          0          0        152       5847   drv_can.o
        74          0          0          0          0       1341   drv_dma.o
        34          0          0          0          0        610   drv_nvic.o
       488         20          0          0        300       4371   drv_tim.o
       794         84          0         32        158       3473   drv_usart.o
       224          8          0          0        196       1186   dshot.o
       540         80          0          8        456       2550   gimbal.o
        92         30          0          0         24       2907   imu.o
       148         16          0          0         20     299217   main.o
       112         12          0          0          0        884   misc.o
        28          0          0          0          0        810   modules.o
       254          0          0          0          0       4249   motor.o
       176          0          0          0          0       2075   pid.o
        66          4          0          4          0       1234   shoot.o
        36          8        336          0       1024        792   startup_stm32f10x_cl.o
      1654         22          0          0          0       6736   stm32f10x_can.o
       500         26          0          0          0       5176   stm32f10x_dma.o
       422          6          0          0          0       2598   stm32f10x_gpio.o
       348         46          0          8          0     237041   stm32f10x_it.o
       524         46          0         20          0       5943   stm32f10x_rcc.o
       630         72          0          0          0       5944   stm32f10x_tim.o
       446          6          0          0          0       5219   stm32f10x_usart.o
       316         20          0          0          0       1653   system_stm32f10x.o
       158          8          0          0          0       2339   zerocheck.o

    ----------------------------------------------------------------------
      9534        576        368         72       2392     606453   Object Totals
         0          0         32          0          0          0   (incl. Generated)
        30          0          0          0          6          0   (incl. Padding)

    ----------------------------------------------------------------------

      Code (inc. data)   RO Data    RW Data    ZI Data      Debug   Library Member Name

         0          0          0          0          0          0   entry.o
         0          0          0          0          0          0   entry10a.o
         0          0          0          0          0          0   entry11a.o
         8          4          0          0          0          0   entry2.o
         4          0          0          0          0          0   entry5.o
         0          0          0          0          0          0   entry7b.o
         0          0          0          0          0          0   entry8b.o
         8          4          0          0          0          0   entry9a.o
        30          0          0          0          0          0   handlers.o
        36          8          0          0          0         68   init.o
         0          0          0          0          0          0   iusefp.o
        30          0          0          0          0         68   llshl.o
        36          0          0          0          0         68   llsshr.o
        32          0          0          0          0         68   llushr.o
        36          0          0          0          0         68   memcpya.o
        20          0          0          0          0         68   cfcmple.o
        20          0          0          0          0         68   cfrcmple.o
        56          0          0          0          0         88   d2f.o
       334          0          0          0          0        148   dadd.o
       186          0          0          0          0        176   depilogue.o
        34          0          0          0          0         76   dflti.o
       228          0          0          0          0         96   dmul.o
        38          0          0          0          0         68   f2d.o
       176          0          0          0          0        140   fadd.o
       110          0          0          0          0        168   fepilogue.o
        50          0          0          0          0         68   ffixi.o
        18          0          0          0          0         68   fflti.o
        10          0          0          0          0         68   ffltui.o
       100          0          0          0          0         76   fmul.o

    ----------------------------------------------------------------------
      1602         16          0          0          0       1716   Library Totals
         2          0          0          0          0          0   (incl. Padding)

    ----------------------------------------------------------------------

      Code (inc. data)   RO Data    RW Data    ZI Data      Debug   Library Name

       220         16          0          0          0        340   mc_w.l
      1380          0          0          0          0       1376   mf_w.l

    ----------------------------------------------------------------------
      1602         16          0          0          0       1716   Library Totals

    ----------------------------------------------------------------------

==============================================================================


      Code (inc. data)   RO Data    RW Data    ZI Data      Debug   

     11136        592        368         72       2392     602341   Grand Totals
     11136        592        368         72       2392     602341   ELF Image Totals
     11136        592        368         72          0          0   ROM Totals

==============================================================================

    Total RO  Size (Code + RO Data)                11504 (  11.23kB)
    Total RW  Size (RW Data + ZI Data)              2464 (   2.41kB)
    Total ROM Size (Code + RO Data + RW Data)      11576 (  11.30kB)

==============================================================================

